[2024-11-06 02:22:42] local.WARNING: Missing SKU or Category in row:  {"sku":"A0F-21A1-C06-09","category":null} 
[2024-11-06 02:22:42] local.WARNING: Missing SKU or Category in row:  {"sku":"A0F-21A1-C07-11","category":null} 
[2024-11-06 02:22:42] local.WARNING: Missing SKU or Category in row:  {"sku":"A0F-21A1-C09-08","category":null} 
[2024-11-06 02:22:42] local.WARNING: Missing SKU or Category in row:  {"sku":"A0F-21A1-C09-09","category":null} 
[2024-11-06 02:22:42] local.WARNING: Missing SKU or Category in row:  {"sku":"A0F-12A1-A03-09","category":null} 
[2024-11-06 02:22:42] local.WARNING: Missing SKU or Category in row:  {"sku":"A0F-12A1-A03-10","category":null} 
[2024-11-06 02:22:42] local.WARNING: Missing SKU or Category in row:  {"sku":"A0F-12A1-A04-10","category":null} 
[2024-11-06 02:22:42] local.WARNING: Missing SKU or Category in row:  {"sku":"A0F-11A1-A03-34","category":null} 
[2024-11-06 02:22:42] local.WARNING: Missing SKU or Category in row:  {"sku":"A0F-11A1-A03-36","category":null} 
[2024-11-06 02:22:42] local.WARNING: Missing SKU or Category in row:  {"sku":"A0F-11A1-A04-36","category":null} 
[2024-11-06 02:22:42] local.WARNING: Missing SKU or Category in row:  {"sku":"A0F-11A1-A04-38","category":null} 
[2024-11-06 02:23:52] local.WARNING: Missing SKU or Category in row:  {"sku":"9996M","category":null} 
[2024-11-06 02:24:08] local.WARNING: Missing SKU or Category in row:  {"sku":"M-SOCKS-L/XL","category":null} 
[2024-11-06 02:24:31] local.WARNING: Product not found for SKU: 5228753  
[2024-11-06 02:24:31] local.WARNING: Product not found for SKU: 5155765  
[2024-11-06 02:24:31] local.WARNING: Product not found for SKU: 5229123  
[2024-11-06 02:24:31] local.WARNING: Product not found for SKU: 4059371  
[2024-11-06 02:24:31] local.WARNING: Product not found for SKU: 4420568  
[2024-11-06 02:24:32] local.WARNING: Product not found for SKU: 4420227  
[2024-11-06 02:24:32] local.WARNING: Product not found for SKU: 4055715  
[2024-11-06 02:24:32] local.WARNING: Product not found for SKU: 5227357  
[2024-11-06 02:24:32] local.WARNING: Product not found for SKU: 4457116  
[2024-11-06 02:24:32] local.WARNING: Product not found for SKU: 4092239  
[2024-11-06 02:24:32] local.WARNING: Product not found for SKU: 5301498  
[2024-11-06 02:24:32] local.WARNING: Product not found for SKU: 5300402  
[2024-11-06 02:24:32] local.WARNING: Product not found for SKU: 5301862  
[2024-11-06 02:24:32] local.WARNING: Product not found for SKU: 27068859  
[2024-11-06 02:24:32] local.WARNING: Product not found for SKU: 23417589  
[2024-11-06 02:24:32] local.WARNING: Product not found for SKU: 23417894  
[2024-11-06 02:24:32] local.WARNING: Product not found for SKU: 12496046  
[2024-11-06 02:24:32] local.WARNING: Product not found for SKU: 10994592  
[2024-11-06 02:24:32] local.WARNING: Product not found for SKU: 10630088  
[2024-11-06 02:24:32] local.WARNING: Product not found for SKU: 10630080  
[2024-11-06 02:24:32] local.WARNING: Product not found for SKU: 11725442  
[2024-11-06 02:24:32] local.WARNING: Product not found for SKU: 11397089  
[2024-11-06 02:24:32] local.WARNING: Product not found for SKU: 11397097  
[2024-11-06 02:24:32] local.WARNING: Product not found for SKU: 12643550  
[2024-11-06 02:24:33] local.WARNING: Product not found for SKU: 12460927  
[2024-11-06 02:24:33] local.WARNING: Product not found for SKU: 12459468  
[2024-11-06 02:24:33] local.WARNING: Product not found for SKU: 12641775  
[2024-11-06 02:24:33] local.WARNING: Product not found for SKU: 8808135  
[2024-11-06 02:24:33] local.WARNING: Product not found for SKU: 8808503  
[2024-11-06 02:24:33] local.WARNING: Product not found for SKU: 8072989  
[2024-11-06 02:24:33] local.WARNING: Product not found for SKU: 8806795  
[2024-11-06 02:24:33] local.WARNING: Product not found for SKU: 16112738  
[2024-11-06 02:24:33] local.WARNING: Product not found for SKU: 16113100  
[2024-11-06 02:24:33] local.WARNING: Product not found for SKU: 15377838  
[2024-11-06 02:24:33] local.WARNING: Product not found for SKU: 15012929  
[2024-11-06 02:24:33] local.WARNING: Product not found for SKU: 16149507  
[2024-11-06 02:24:33] local.WARNING: Product not found for SKU: 16148103  
[2024-11-06 02:24:33] local.WARNING: Product not found for SKU: 16149873  
[2024-11-06 02:24:33] local.WARNING: Product not found for SKU: 4804831  
[2024-11-06 02:24:33] local.WARNING: Product not found for SKU: 23415033  
[2024-11-06 02:24:33] local.WARNING: Product not found for SKU: 12457762  
[2024-11-06 02:24:33] local.WARNING: Product not found for SKU: 8804935  
[2024-11-06 02:24:33] local.WARNING: Product not found for SKU: 8805268  
[2024-11-06 02:24:33] local.WARNING: Product not found for SKU: 8493776  
[2024-11-06 02:24:33] local.WARNING: Product not found for SKU: 16147074  
[2024-11-06 02:24:33] local.WARNING: Product not found for SKU: 16146674  
[2024-11-06 02:24:34] local.WARNING: Product not found for SKU: 23415398  
[2024-11-06 02:24:34] local.WARNING: Product not found for SKU: 19762238  
[2024-11-06 02:24:34] local.WARNING: Product not found for SKU: 19835652  
[2024-11-06 02:24:34] local.WARNING: Product not found for SKU: 19030240  
[2024-11-06 02:24:34] local.WARNING: Product not found for SKU: 19764004  
[2024-11-06 02:24:34] local.WARNING: Product not found for SKU: 19765222  
[2024-11-06 02:24:34] local.WARNING: Product not found for SKU: 19838211  
[2024-11-06 02:24:34] local.WARNING: Product not found for SKU: 19837362  
[2024-11-06 02:24:34] local.WARNING: Product not found for SKU: 19838820  
[2024-11-06 02:24:34] local.WARNING: Product not found for SKU: 19765465  
[2024-11-06 02:24:34] local.WARNING: Product not found for SKU: 8439327  
[2024-11-06 02:24:34] local.WARNING: Product not found for SKU: 4059343  
[2024-11-06 02:24:34] local.WARNING: Product not found for SKU: 4095891  
[2024-11-06 02:24:34] local.WARNING: Product not found for SKU: 4095836  
[2024-11-06 02:24:34] local.WARNING: Product not found for SKU: 4095867  
[2024-11-06 02:24:34] local.WARNING: Product not found for SKU: 4095890  
[2024-11-06 02:24:34] local.WARNING: Product not found for SKU: 4092300  
[2024-11-06 02:24:34] local.WARNING: Product not found for SKU: 4420537  
[2024-11-06 02:24:35] local.WARNING: Product not found for SKU: 4420596  
[2024-11-06 02:24:35] local.WARNING: Product not found for SKU: 4095892  
[2024-11-06 02:24:35] local.WARNING: Product not found for SKU: 4095895  
[2024-11-06 02:24:35] local.WARNING: Product not found for SKU: 4095894  
[2024-11-06 02:24:37] local.WARNING: Product not found for SKU: 4095956  
[2024-11-06 02:24:37] local.WARNING: Product not found for SKU: 4095925  
[2024-11-06 02:24:37] local.WARNING: Product not found for SKU: 4457061  
[2024-11-06 02:24:37] local.WARNING: Product not found for SKU: 4457092  
[2024-11-06 02:24:37] local.WARNING: Product not found for SKU: 4457117  
[2024-11-06 02:24:37] local.WARNING: Product not found for SKU: 4457120  
[2024-11-06 02:24:37] local.WARNING: Product not found for SKU: 4457119  
[2024-11-06 02:24:37] local.WARNING: Product not found for SKU: 4457181  
[2024-11-06 02:24:37] local.WARNING: Product not found for SKU: 4457150  
[2024-11-06 02:24:37] local.WARNING: Product not found for SKU: 4457115  
[2024-11-06 02:24:37] local.WARNING: Product not found for SKU: 4456751  
[2024-11-06 02:24:37] local.WARNING: Product not found for SKU: 4456812  
[2024-11-06 02:24:38] local.WARNING: Product not found for SKU: 4791623  
[2024-11-06 02:24:38] local.WARNING: Product not found for SKU: 4791618  
[2024-11-06 02:24:38] local.WARNING: Product not found for SKU: 4791619  
[2024-11-06 02:24:38] local.WARNING: Product not found for SKU: 4791620  
[2024-11-06 02:24:38] local.WARNING: Product not found for SKU: 4786934  
[2024-11-06 02:24:38] local.WARNING: Product not found for SKU: 4786871  
[2024-11-06 02:24:38] local.WARNING: Product not found for SKU: 4786937  
[2024-11-06 02:24:38] local.WARNING: Product not found for SKU: 4786929  
[2024-11-06 02:24:38] local.WARNING: Product not found for SKU: 4786930  
[2024-11-06 02:24:38] local.WARNING: Product not found for SKU: 4791685  
[2024-11-06 02:24:38] local.WARNING: Product not found for SKU: 4791650  
[2024-11-06 02:24:38] local.WARNING: Product not found for SKU: 4791678  
[2024-11-06 02:24:38] local.WARNING: Product not found for SKU: 4791682  
[2024-11-06 02:24:38] local.WARNING: Product not found for SKU: 4791677  
[2024-11-06 02:24:38] local.WARNING: Product not found for SKU: 4791679  
[2024-11-06 02:24:38] local.WARNING: Product not found for SKU: 4791711  
[2024-11-06 02:24:39] local.WARNING: Product not found for SKU: 4791713  
[2024-11-06 02:24:39] local.WARNING: Product not found for SKU: 4791743  
[2024-11-06 02:24:39] local.WARNING: Product not found for SKU: 4791654  
[2024-11-06 02:24:39] local.WARNING: Product not found for SKU: 4791625  
[2024-11-06 02:24:39] local.WARNING: Product not found for SKU: 4791923  
[2024-11-06 02:24:39] local.WARNING: Product not found for SKU: 4791927  
[2024-11-06 02:24:39] local.WARNING: Product not found for SKU: 4791924  
[2024-11-06 02:24:39] local.WARNING: Product not found for SKU: 4791926  
[2024-11-06 02:24:39] local.WARNING: Product not found for SKU: 5228757  
[2024-11-06 02:24:39] local.WARNING: Product not found for SKU: 5228756  
[2024-11-06 02:24:39] local.WARNING: Product not found for SKU: 5228754  
[2024-11-06 02:24:39] local.WARNING: Product not found for SKU: 5228515  
[2024-11-06 02:24:39] local.WARNING: Product not found for SKU: 5228453  
[2024-11-06 02:24:39] local.WARNING: Product not found for SKU: 5228484  
[2024-11-06 02:24:39] local.WARNING: Product not found for SKU: 5228508  
[2024-11-06 02:24:39] local.WARNING: Product not found for SKU: 5228480  
[2024-11-06 02:24:39] local.WARNING: Product not found for SKU: 5228509  
[2024-11-06 02:24:40] local.WARNING: Product not found for SKU: 5228512  
[2024-11-06 02:24:40] local.WARNING: Product not found for SKU: 5228450  
[2024-11-06 02:24:40] local.WARNING: Product not found for SKU: 5228449  
[2024-11-06 02:24:40] local.WARNING: Product not found for SKU: 5227352  
[2024-11-06 02:24:40] local.WARNING: Product not found for SKU: 5227353  
[2024-11-06 02:24:40] local.WARNING: Product not found for SKU: 5227417  
[2024-11-06 02:24:40] local.WARNING: Product not found for SKU: 5225952  
[2024-11-06 02:24:40] local.WARNING: Product not found for SKU: 5225959  
[2024-11-06 02:24:40] local.WARNING: Product not found for SKU: 5225951  
[2024-11-06 02:24:40] local.WARNING: Product not found for SKU: 5226317  
[2024-11-06 02:24:40] local.WARNING: Product not found for SKU: 5226258  
[2024-11-06 02:24:40] local.WARNING: Product not found for SKU: 5226321  
[2024-11-06 02:24:40] local.WARNING: Product not found for SKU: 5228541  
[2024-11-06 02:24:40] local.WARNING: Product not found for SKU: 5228543  
[2024-11-06 02:24:40] local.WARNING: Product not found for SKU: 5228573  
[2024-11-06 02:24:40] local.WARNING: Product not found for SKU: 5229120  
[2024-11-06 02:24:40] local.WARNING: Product not found for SKU: 5228814  
[2024-11-06 02:24:40] local.WARNING: Product not found for SKU: 5228845  
[2024-11-06 02:24:40] local.WARNING: Product not found for SKU: 5228874  
[2024-11-06 02:24:40] local.WARNING: Product not found for SKU: 5228818  
[2024-11-06 02:24:40] local.WARNING: Product not found for SKU: 5228878  
[2024-11-06 02:24:41] local.WARNING: Product not found for SKU: 5228873  
[2024-11-06 02:24:41] local.WARNING: Product not found for SKU: 5228875  
[2024-11-06 02:24:41] local.WARNING: Product not found for SKU: 5228849  
[2024-11-06 02:24:41] local.WARNING: Product not found for SKU: 5228813  
[2024-11-06 02:24:41] local.WARNING: Product not found for SKU: 5228939  
[2024-11-06 02:24:41] local.WARNING: Product not found for SKU: 5228815  
[2024-11-06 02:24:41] local.WARNING: Product not found for SKU: 5228820  
[2024-11-06 02:24:41] local.WARNING: Product not found for SKU: 5301561  
[2024-11-06 02:24:41] local.WARNING: Product not found for SKU: 5301894  
[2024-11-06 02:24:41] local.WARNING: Product not found for SKU: 5301867  
[2024-11-06 02:24:41] local.WARNING: Product not found for SKU: 5302169  
[2024-11-06 02:24:41] local.WARNING: Product not found for SKU: 5302172  
[2024-11-06 02:24:42] local.WARNING: Product not found for SKU: 5302168  
[2024-11-06 02:24:45] local.WARNING: Product not found for SKU: 8072994  
[2024-11-06 02:24:45] local.WARNING: Product not found for SKU: 8073017  
[2024-11-06 02:24:45] local.WARNING: Product not found for SKU: 8073022  
[2024-11-06 02:24:45] local.WARNING: Product not found for SKU: 8073079  
[2024-11-06 02:24:45] local.WARNING: Product not found for SKU: 8073020  
[2024-11-06 02:24:45] local.WARNING: Product not found for SKU: 7711764  
[2024-11-06 02:24:45] local.WARNING: Product not found for SKU: 7711769  
[2024-11-06 02:24:45] local.WARNING: Product not found for SKU: 7711792  
[2024-11-06 02:24:45] local.WARNING: Product not found for SKU: 7711797  
[2024-11-06 02:24:45] local.WARNING: Product not found for SKU: 7711854  
[2024-11-06 02:24:45] local.WARNING: Product not found for SKU: 7711795  
[2024-11-06 02:24:45] local.WARNING: Product not found for SKU: 8072624  
[2024-11-06 02:24:46] local.WARNING: Product not found for SKU: 8072630  
[2024-11-06 02:24:46] local.WARNING: Product not found for SKU: 8072628  
[2024-11-06 02:24:46] local.WARNING: Product not found for SKU: 8072657  
[2024-11-06 02:24:46] local.WARNING: Product not found for SKU: 7708111  
[2024-11-06 02:24:46] local.WARNING: Product not found for SKU: 7708117  
[2024-11-06 02:24:46] local.WARNING: Product not found for SKU: 7708115  
[2024-11-06 02:24:46] local.WARNING: Product not found for SKU: 7708145  
[2024-11-06 02:24:46] local.WARNING: Product not found for SKU: 8480634  
[2024-11-06 02:24:46] local.WARNING: Product not found for SKU: 8480599  
[2024-11-06 02:24:46] local.WARNING: Product not found for SKU: 8480627  
[2024-11-06 02:24:46] local.WARNING: Product not found for SKU: 8480631  
[2024-11-06 02:24:46] local.WARNING: Product not found for SKU: 8480573  
[2024-11-06 02:24:46] local.WARNING: Product not found for SKU: 8480604  
[2024-11-06 02:24:46] local.WARNING: Product not found for SKU: 8480628  
[2024-11-06 02:24:46] local.WARNING: Product not found for SKU: 8480632  
[2024-11-06 02:24:46] local.WARNING: Product not found for SKU: 8480567  
[2024-11-06 02:24:46] local.WARNING: Product not found for SKU: 8480603  
[2024-11-06 02:24:46] local.WARNING: Product not found for SKU: 8480600  
[2024-11-06 02:24:46] local.WARNING: Product not found for SKU: 8480633  
[2024-11-06 02:24:46] local.WARNING: Product not found for SKU: 8480630  
[2024-11-06 02:24:46] local.WARNING: Product not found for SKU: 8480626  
[2024-11-06 02:24:46] local.WARNING: Product not found for SKU: 8480569  
[2024-11-06 02:24:47] local.WARNING: Product not found for SKU: 8480572  
[2024-11-06 02:24:47] local.WARNING: Product not found for SKU: 8480879  
[2024-11-06 02:24:47] local.WARNING: Product not found for SKU: 8480875  
[2024-11-06 02:24:47] local.WARNING: Product not found for SKU: 8480877  
[2024-11-06 02:24:47] local.WARNING: Product not found for SKU: 8805634  
[2024-11-06 02:24:47] local.WARNING: Product not found for SKU: 8805694  
[2024-11-06 02:24:47] local.WARNING: Product not found for SKU: 8475879  
[2024-11-06 02:24:47] local.WARNING: Product not found for SKU: 8475819  
[2024-11-06 02:24:47] local.WARNING: Product not found for SKU: 8475883  
[2024-11-06 02:24:47] local.WARNING: Product not found for SKU: 8475884  
[2024-11-06 02:24:47] local.WARNING: Product not found for SKU: 8480873  
[2024-11-06 02:24:47] local.WARNING: Product not found for SKU: 8807857  
[2024-11-06 02:24:47] local.WARNING: Product not found for SKU: 8807885  
[2024-11-06 02:24:47] local.WARNING: Product not found for SKU: 8807861  
[2024-11-06 02:24:47] local.WARNING: Product not found for SKU: 8807858  
[2024-11-06 02:24:47] local.WARNING: Product not found for SKU: 8807862  
[2024-11-06 02:24:47] local.WARNING: Product not found for SKU: 8807886  
[2024-11-06 02:24:47] local.WARNING: Product not found for SKU: 8807889  
[2024-11-06 02:24:47] local.WARNING: Product not found for SKU: 8807890  
[2024-11-06 02:24:47] local.WARNING: Product not found for SKU: 8807825  
[2024-11-06 02:24:47] local.WARNING: Product not found for SKU: 8807831  
[2024-11-06 02:24:47] local.WARNING: Product not found for SKU: 8807891  
[2024-11-06 02:24:48] local.WARNING: Product not found for SKU: 8807884  
[2024-11-06 02:24:48] local.WARNING: Product not found for SKU: 8807832  
[2024-11-06 02:24:48] local.WARNING: Product not found for SKU: 8807892  
[2024-11-06 02:24:48] local.WARNING: Product not found for SKU: 8808196  
[2024-11-06 02:24:48] local.WARNING: Product not found for SKU: 8808221  
[2024-11-06 02:24:48] local.WARNING: Product not found for SKU: 8808190  
[2024-11-06 02:24:48] local.WARNING: Product not found for SKU: 8808501  
[2024-11-06 02:24:48] local.WARNING: Product not found for SKU: 8808499  
[2024-11-06 02:24:48] local.WARNING: Product not found for SKU: 8806766  
[2024-11-06 02:24:48] local.WARNING: Product not found for SKU: 8806789  
[2024-11-06 02:24:48] local.WARNING: Product not found for SKU: 8806734  
[2024-11-06 02:24:48] local.WARNING: Product not found for SKU: 8806793  
[2024-11-06 02:24:48] local.WARNING: Product not found for SKU: 8805699  
[2024-11-06 02:24:48] local.WARNING: Product not found for SKU: 8808497  
[2024-11-06 02:24:48] local.WARNING: Product not found for SKU: 10629357  
[2024-11-06 02:24:48] local.WARNING: Product not found for SKU: 10629349  
[2024-11-06 02:24:48] local.WARNING: Product not found for SKU: 10629353  
[2024-11-06 02:24:48] local.WARNING: Product not found for SKU: 10629383  
[2024-11-06 02:24:48] local.WARNING: Product not found for SKU: 10629385  
[2024-11-06 02:24:48] local.WARNING: Product not found for SKU: 10629326  
[2024-11-06 02:24:48] local.WARNING: Product not found for SKU: 8808222  
[2024-11-06 02:24:48] local.WARNING: Product not found for SKU: 8808229  
[2024-11-06 02:24:49] local.WARNING: Product not found for SKU: 8808251  
[2024-11-06 02:24:49] local.WARNING: Product not found for SKU: 8808227  
[2024-11-06 02:24:49] local.WARNING: Product not found for SKU: 8808255  
[2024-11-06 02:24:49] local.WARNING: Product not found for SKU: 8808256  
[2024-11-06 02:24:49] local.WARNING: Product not found for SKU: 8808226  
[2024-11-06 02:24:49] local.WARNING: Product not found for SKU: 8808252  
[2024-11-06 02:24:49] local.WARNING: Product not found for SKU: 8808254  
[2024-11-06 02:24:49] local.WARNING: Product not found for SKU: 8808250  
[2024-11-06 02:24:49] local.WARNING: Product not found for SKU: 8808257  
[2024-11-06 02:24:49] local.WARNING: Product not found for SKU: 8808258  
[2024-11-06 02:24:49] local.WARNING: Product not found for SKU: 10629327  
[2024-11-06 02:24:49] local.WARNING: Product not found for SKU: 10994600  
[2024-11-06 02:24:49] local.WARNING: Product not found for SKU: 10994235  
[2024-11-06 02:24:49] local.WARNING: Product not found for SKU: 10994227  
[2024-11-06 02:24:49] local.WARNING: Product not found for SKU: 10994200  
[2024-11-06 02:24:49] local.WARNING: Product not found for SKU: 10994231  
[2024-11-06 02:24:49] local.WARNING: Product not found for SKU: 10994261  
[2024-11-06 02:24:49] local.WARNING: Product not found for SKU: 10994263  
[2024-11-06 02:24:49] local.WARNING: Product not found for SKU: 10994204  
[2024-11-06 02:24:49] local.WARNING: Product not found for SKU: 11360565  
[2024-11-06 02:24:49] local.WARNING: Product not found for SKU: 11360573  
[2024-11-06 02:24:49] local.WARNING: Product not found for SKU: 11364157  
[2024-11-06 02:24:50] local.WARNING: Product not found for SKU: 11364189  
[2024-11-06 02:24:50] local.WARNING: Product not found for SKU: 11364225  
[2024-11-06 02:24:50] local.WARNING: Product not found for SKU: 11364190  
[2024-11-06 02:24:50] local.WARNING: Product not found for SKU: 11364197  
[2024-11-06 02:24:50] local.WARNING: Product not found for SKU: 11364166  
[2024-11-06 02:24:50] local.WARNING: Product not found for SKU: 11364216  
[2024-11-06 02:24:50] local.WARNING: Product not found for SKU: 10994205  
[2024-11-06 02:24:50] local.WARNING: Product not found for SKU: 11364217  
[2024-11-06 02:24:50] local.WARNING: Product not found for SKU: 11364218  
[2024-11-06 02:24:50] local.WARNING: Product not found for SKU: 11364256  
[2024-11-06 02:24:50] local.WARNING: Product not found for SKU: 11364281  
[2024-11-06 02:24:50] local.WARNING: Product not found for SKU: 11725382  
[2024-11-06 02:24:50] local.WARNING: Product not found for SKU: 11725414  
[2024-11-06 02:24:50] local.WARNING: Product not found for SKU: 11725450  
[2024-11-06 02:24:50] local.WARNING: Product not found for SKU: 11725443  
[2024-11-06 02:24:50] local.WARNING: Product not found for SKU: 11725481  
[2024-11-06 02:24:50] local.WARNING: Product not found for SKU: 11725506  
[2024-11-06 02:24:50] local.WARNING: Product not found for SKU: 11725415  
[2024-11-06 02:24:50] local.WARNING: Product not found for SKU: 11725422  
[2024-11-06 02:24:50] local.WARNING: Product not found for SKU: 11725391  
[2024-11-06 02:24:50] local.WARNING: Product not found for SKU: 11725441  
[2024-11-06 02:24:50] local.WARNING: Product not found for SKU: 11725448  
[2024-11-06 02:24:50] local.WARNING: Product not found for SKU: 11725077  
[2024-11-06 02:24:51] local.WARNING: Product not found for SKU: 11725085  
[2024-11-06 02:24:51] local.WARNING: Product not found for SKU: 11400690  
[2024-11-06 02:24:51] local.WARNING: Product not found for SKU: 11400740  
[2024-11-06 02:24:51] local.WARNING: Product not found for SKU: 11400749  
[2024-11-06 02:24:51] local.WARNING: Product not found for SKU: 11400747  
[2024-11-06 02:24:51] local.WARNING: Product not found for SKU: 12201297  
[2024-11-06 02:24:51] local.WARNING: Product not found for SKU: 12201325  
[2024-11-06 02:24:51] local.WARNING: Product not found for SKU: 12201302  
[2024-11-06 02:24:51] local.WARNING: Product not found for SKU: 11400744  
[2024-11-06 02:24:51] local.WARNING: Product not found for SKU: 11725445  
[2024-11-06 02:24:51] local.WARNING: Product not found for SKU: 12206354  
[2024-11-06 02:24:51] local.WARNING: Product not found for SKU: 12206352  
[2024-11-06 02:24:51] local.WARNING: Product not found for SKU: 12206101  
[2024-11-06 02:24:51] local.WARNING: Product not found for SKU: 12206081  
[2024-11-06 02:24:51] local.WARNING: Product not found for SKU: 12206074  
[2024-11-06 02:24:51] local.WARNING: Product not found for SKU: 12206100  
[2024-11-06 02:24:51] local.WARNING: Product not found for SKU: 12206109  
[2024-11-06 02:24:51] local.WARNING: Product not found for SKU: 12206140  
[2024-11-06 02:24:51] local.WARNING: Product not found for SKU: 12206042  
[2024-11-06 02:24:52] local.WARNING: Product not found for SKU: 12206102  
[2024-11-06 02:24:52] local.WARNING: Product not found for SKU: 12206041  
[2024-11-06 02:24:52] local.WARNING: Product not found for SKU: 12206104  
[2024-11-06 02:24:52] local.WARNING: Product not found for SKU: 12206043  
[2024-11-06 02:24:52] local.WARNING: Product not found for SKU: 12206045  
[2024-11-06 02:24:52] local.WARNING: Product not found for SKU: 12206050  
[2024-11-06 02:24:52] local.WARNING: Product not found for SKU: 12206077  
[2024-11-06 02:24:52] local.WARNING: Product not found for SKU: 12201326  
[2024-11-06 02:24:52] local.WARNING: Product not found for SKU: 12201354  
[2024-11-06 02:24:52] local.WARNING: Product not found for SKU: 12201414  
[2024-11-06 02:24:52] local.WARNING: Product not found for SKU: 12201415  
[2024-11-06 02:24:52] local.WARNING: Product not found for SKU: 12201353  
[2024-11-06 02:24:52] local.WARNING: Product not found for SKU: 12201361  
[2024-11-06 02:24:52] local.WARNING: Product not found for SKU: 12206347  
[2024-11-06 02:24:52] local.WARNING: Product not found for SKU: 12206135  
[2024-11-06 02:24:52] local.WARNING: Product not found for SKU: 12206164  
[2024-11-06 02:24:52] local.WARNING: Product not found for SKU: 12206136  
[2024-11-06 02:24:52] local.WARNING: Product not found for SKU: 12206165  
[2024-11-06 02:24:52] local.WARNING: Product not found for SKU: 12315919  
[2024-11-06 02:24:52] local.WARNING: Product not found for SKU: 12315614  
[2024-11-06 02:24:52] local.WARNING: Product not found for SKU: 12315650  
[2024-11-06 02:24:52] local.WARNING: Product not found for SKU: 12219250  
[2024-11-06 02:24:53] local.WARNING: Product not found for SKU: 12458428  
[2024-11-06 02:24:53] local.WARNING: Product not found for SKU: 12458457  
[2024-11-06 02:24:53] local.WARNING: Product not found for SKU: 12458456  
[2024-11-06 02:24:53] local.WARNING: Product not found for SKU: 12458484  
[2024-11-06 02:24:53] local.WARNING: Product not found for SKU: 12458433  
[2024-11-06 02:24:53] local.WARNING: Product not found for SKU: 12458180  
[2024-11-06 02:24:53] local.WARNING: Product not found for SKU: 12458091  
[2024-11-06 02:24:53] local.WARNING: Product not found for SKU: 12458119  
[2024-11-06 02:24:53] local.WARNING: Product not found for SKU: 12315922  
[2024-11-06 02:24:53] local.WARNING: Product not found for SKU: 12315924  
[2024-11-06 02:24:53] local.WARNING: Product not found for SKU: 12315708  
[2024-11-06 02:24:53] local.WARNING: Product not found for SKU: 12315737  
[2024-11-06 02:24:53] local.WARNING: Product not found for SKU: 12458546  
[2024-11-06 02:24:53] local.WARNING: Product not found for SKU: 12460929  
[2024-11-06 02:24:53] local.WARNING: Product not found for SKU: 12460615  
[2024-11-06 02:24:53] local.WARNING: Product not found for SKU: 12460616  
[2024-11-06 02:24:53] local.WARNING: Product not found for SKU: 12460624  
[2024-11-06 02:24:53] local.WARNING: Product not found for SKU: 12459215  
[2024-11-06 02:24:53] local.WARNING: Product not found for SKU: 12459194  
[2024-11-06 02:24:53] local.WARNING: Product not found for SKU: 12459223  
[2024-11-06 02:24:53] local.WARNING: Product not found for SKU: 12459214  
[2024-11-06 02:24:53] local.WARNING: Product not found for SKU: 12459154  
[2024-11-06 02:24:53] local.WARNING: Product not found for SKU: 12459279  
[2024-11-06 02:24:54] local.WARNING: Product not found for SKU: 12459643  
[2024-11-06 02:24:54] local.WARNING: Product not found for SKU: 12459583  
[2024-11-06 02:24:54] local.WARNING: Product not found for SKU: 12459524  
[2024-11-06 02:24:54] local.WARNING: Product not found for SKU: 12459552  
[2024-11-06 02:24:54] local.WARNING: Product not found for SKU: 12459615  
[2024-11-06 02:24:54] local.WARNING: Product not found for SKU: 12459556  
[2024-11-06 02:24:54] local.WARNING: Product not found for SKU: 12458485  
[2024-11-06 02:24:54] local.WARNING: Product not found for SKU: 12459614  
[2024-11-06 02:24:54] local.WARNING: Product not found for SKU: 12460924  
[2024-11-06 02:24:54] local.WARNING: Product not found for SKU: 12460926  
[2024-11-06 02:24:54] local.WARNING: Product not found for SKU: 12643542  
[2024-11-06 02:24:54] local.WARNING: Product not found for SKU: 12643236  
[2024-11-06 02:24:54] local.WARNING: Product not found for SKU: 12643298  
[2024-11-06 02:24:54] local.WARNING: Product not found for SKU: 12643296  
[2024-11-06 02:24:54] local.WARNING: Product not found for SKU: 12643305  
[2024-11-06 02:24:54] local.WARNING: Product not found for SKU: 12643300  
[2024-11-06 02:24:54] local.WARNING: Product not found for SKU: 12643272  
[2024-11-06 02:24:54] local.WARNING: Product not found for SKU: 12460647  
[2024-11-06 02:24:54] local.WARNING: Product not found for SKU: 12460676  
[2024-11-06 02:24:54] local.WARNING: Product not found for SKU: 12460648  
[2024-11-06 02:24:54] local.WARNING: Product not found for SKU: 12460684  
[2024-11-06 02:24:55] local.WARNING: Product not found for SKU: 12460715  
[2024-11-06 02:24:55] local.WARNING: Product not found for SKU: 12460675  
[2024-11-06 02:24:55] local.WARNING: Product not found for SKU: 15016613  
[2024-11-06 02:24:55] local.WARNING: Product not found for SKU: 15016614  
[2024-11-06 02:24:55] local.WARNING: Product not found for SKU: 15016618  
[2024-11-06 02:24:55] local.WARNING: Product not found for SKU: 15016621  
[2024-11-06 02:24:55] local.WARNING: Product not found for SKU: 15016642  
[2024-11-06 02:24:55] local.WARNING: Product not found for SKU: 15016643  
[2024-11-06 02:24:55] local.WARNING: Product not found for SKU: 15016587  
[2024-11-06 02:24:55] local.WARNING: Product not found for SKU: 15016615  
[2024-11-06 02:24:55] local.WARNING: Product not found for SKU: 12460710  
[2024-11-06 02:24:55] local.WARNING: Product not found for SKU: 12460736  
[2024-11-06 02:24:55] local.WARNING: Product not found for SKU: 12460739  
[2024-11-06 02:24:55] local.WARNING: Product not found for SKU: 12643543  
[2024-11-06 02:24:55] local.WARNING: Product not found for SKU: 15748952  
[2024-11-06 02:24:55] local.WARNING: Product not found for SKU: 15748894  
[2024-11-06 02:24:55] local.WARNING: Product not found for SKU: 15748953  
[2024-11-06 02:24:55] local.WARNING: Product not found for SKU: 15748900  
[2024-11-06 02:24:55] local.WARNING: Product not found for SKU: 15377839  
[2024-11-06 02:24:55] local.WARNING: Product not found for SKU: 15377843  
[2024-11-06 02:24:55] local.WARNING: Product not found for SKU: 15377846  
[2024-11-06 02:24:55] local.WARNING: Product not found for SKU: 15377867  
[2024-11-06 02:24:56] local.WARNING: Product not found for SKU: 15377870  
[2024-11-06 02:24:56] local.WARNING: Product not found for SKU: 15377871  
[2024-11-06 02:24:56] local.WARNING: Product not found for SKU: 15377928  
[2024-11-06 02:24:56] local.WARNING: Product not found for SKU: 15377932  
[2024-11-06 02:24:56] local.WARNING: Product not found for SKU: 15377868  
[2024-11-06 02:24:56] local.WARNING: Product not found for SKU: 15377900  
[2024-11-06 02:24:56] local.WARNING: Product not found for SKU: 15377901  
[2024-11-06 02:24:56] local.WARNING: Product not found for SKU: 15377904  
[2024-11-06 02:24:56] local.WARNING: Product not found for SKU: 15377842  
[2024-11-06 02:24:56] local.WARNING: Product not found for SKU: 15377902  
[2024-11-06 02:24:56] local.WARNING: Product not found for SKU: 15377812  
[2024-11-06 02:24:56] local.WARNING: Product not found for SKU: 15377840  
[2024-11-06 02:24:56] local.WARNING: Product not found for SKU: 15016645  
[2024-11-06 02:24:56] local.WARNING: Product not found for SKU: 15016646  
[2024-11-06 02:24:56] local.WARNING: Product not found for SKU: 15016703  
[2024-11-06 02:24:56] local.WARNING: Product not found for SKU: 15016707  
[2024-11-06 02:24:56] local.WARNING: Product not found for SKU: 15016675  
[2024-11-06 02:24:56] local.WARNING: Product not found for SKU: 15016679  
[2024-11-06 02:24:56] local.WARNING: Product not found for SKU: 15016677  
[2024-11-06 02:24:56] local.WARNING: Product not found for SKU: 15016676  
[2024-11-06 02:24:56] local.WARNING: Product not found for SKU: 15377442  
[2024-11-06 02:24:56] local.WARNING: Product not found for SKU: 15377563  
[2024-11-06 02:24:56] local.WARNING: Product not found for SKU: 15748954  
[2024-11-06 02:24:57] local.WARNING: Product not found for SKU: 15748956  
[2024-11-06 02:24:57] local.WARNING: Product not found for SKU: 15748957  
[2024-11-06 02:24:57] local.WARNING: Product not found for SKU: 15785725  
[2024-11-06 02:24:57] local.WARNING: Product not found for SKU: 15785722  
[2024-11-06 02:24:57] local.WARNING: Product not found for SKU: 15785726  
[2024-11-06 02:24:57] local.WARNING: Product not found for SKU: 15785418  
[2024-11-06 02:24:57] local.WARNING: Product not found for SKU: 15785449  
[2024-11-06 02:24:57] local.WARNING: Product not found for SKU: 15785450  
[2024-11-06 02:24:57] local.WARNING: Product not found for SKU: 15785453  
[2024-11-06 02:24:57] local.WARNING: Product not found for SKU: 15785477  
[2024-11-06 02:24:57] local.WARNING: Product not found for SKU: 15785480  
[2024-11-06 02:24:57] local.WARNING: Product not found for SKU: 15785481  
[2024-11-06 02:24:57] local.WARNING: Product not found for SKU: 15785478  
[2024-11-06 02:24:57] local.WARNING: Product not found for SKU: 15785479  
[2024-11-06 02:24:57] local.WARNING: Product not found for SKU: 15785452  
[2024-11-06 02:24:57] local.WARNING: Product not found for SKU: 15785507  
[2024-11-06 02:24:57] local.WARNING: Product not found for SKU: 15785417  
[2024-11-06 02:24:57] local.WARNING: Product not found for SKU: 15785510  
[2024-11-06 02:24:57] local.WARNING: Product not found for SKU: 15785509  
[2024-11-06 02:24:57] local.WARNING: Product not found for SKU: 15785448  
[2024-11-06 02:24:57] local.WARNING: Product not found for SKU: 15780701  
[2024-11-06 02:24:57] local.WARNING: Product not found for SKU: 15780729  
[2024-11-06 02:24:58] local.WARNING: Product not found for SKU: 15780735  
[2024-11-06 02:24:58] local.WARNING: Product not found for SKU: 16112735  
[2024-11-06 02:24:58] local.WARNING: Product not found for SKU: 16112739  
[2024-11-06 02:24:58] local.WARNING: Product not found for SKU: 16112676  
[2024-11-06 02:24:58] local.WARNING: Product not found for SKU: 16113102  
[2024-11-06 02:24:58] local.WARNING: Product not found for SKU: 16113047  
[2024-11-06 02:24:58] local.WARNING: Product not found for SKU: 16148194  
[2024-11-06 02:24:58] local.WARNING: Product not found for SKU: 16149508  
[2024-11-06 02:24:58] local.WARNING: Product not found for SKU: 16149200  
[2024-11-06 02:24:58] local.WARNING: Product not found for SKU: 16149231  
[2024-11-06 02:24:58] local.WARNING: Product not found for SKU: 16149232  
[2024-11-06 02:24:58] local.WARNING: Product not found for SKU: 16149235  
[2024-11-06 02:24:58] local.WARNING: Product not found for SKU: 16149260  
[2024-11-06 02:24:58] local.WARNING: Product not found for SKU: 16149234  
[2024-11-06 02:24:58] local.WARNING: Product not found for SKU: 16149199  
[2024-11-06 02:24:58] local.WARNING: Product not found for SKU: 16149230  
[2024-11-06 02:24:58] local.WARNING: Product not found for SKU: 16149259  
[2024-11-06 02:24:58] local.WARNING: Product not found for SKU: 15785511  
[2024-11-06 02:24:58] local.WARNING: Product not found for SKU: 15785540  
[2024-11-06 02:24:58] local.WARNING: Product not found for SKU: 15785514  
[2024-11-06 02:24:58] local.WARNING: Product not found for SKU: 15785512  
[2024-11-06 02:24:59] local.WARNING: Product not found for SKU: 15785537  
[2024-11-06 02:24:59] local.WARNING: Product not found for SKU: 16149262  
[2024-11-06 02:24:59] local.WARNING: Product not found for SKU: 16149263  
[2024-11-06 02:24:59] local.WARNING: Product not found for SKU: 16149322  
[2024-11-06 02:24:59] local.WARNING: Product not found for SKU: 16149294  
[2024-11-06 02:24:59] local.WARNING: Product not found for SKU: 16149293  
[2024-11-06 02:24:59] local.WARNING: Product not found for SKU: 16149261  
[2024-11-06 02:25:01] local.WARNING: Product not found for SKU: 16149292  
[2024-11-06 02:25:01] local.WARNING: Product not found for SKU: 16149291  
[2024-11-06 02:25:01] local.WARNING: Product not found for SKU: 16149296  
[2024-11-06 02:25:01] local.WARNING: Product not found for SKU: 16149870  
[2024-11-06 02:25:01] local.WARNING: Product not found for SKU: 16149600  
[2024-11-06 02:25:02] local.WARNING: Product not found for SKU: 16149625  
[2024-11-06 02:25:02] local.WARNING: Product not found for SKU: 16149659  
[2024-11-06 02:25:02] local.WARNING: Product not found for SKU: 16149628  
[2024-11-06 02:25:02] local.WARNING: Product not found for SKU: 16149662  
[2024-11-06 02:25:02] local.WARNING: Product not found for SKU: 16149685  
[2024-11-06 02:25:02] local.WARNING: Product not found for SKU: 16149655  
[2024-11-06 02:25:02] local.WARNING: Product not found for SKU: 16149564  
[2024-11-06 02:25:02] local.WARNING: Product not found for SKU: 16149658  
[2024-11-06 02:25:02] local.WARNING: Product not found for SKU: 16149657  
[2024-11-06 02:25:02] local.WARNING: Product not found for SKU: 16149660  
[2024-11-06 02:25:03] local.WARNING: Product not found for SKU: 16149626  
[2024-11-06 02:25:03] local.WARNING: Product not found for SKU: 16149627  
[2024-11-06 02:25:03] local.WARNING: Product not found for SKU: 19396631  
[2024-11-06 02:25:03] local.WARNING: Product not found for SKU: 19396630  
[2024-11-06 02:25:03] local.WARNING: Product not found for SKU: 19396695  
[2024-11-06 02:25:03] local.WARNING: Product not found for SKU: 19030292  
[2024-11-06 02:25:03] local.WARNING: Product not found for SKU: 19030296  
[2024-11-06 02:25:03] local.WARNING: Product not found for SKU: 19030353  
[2024-11-06 02:25:03] local.WARNING: Product not found for SKU: 19030355  
[2024-11-06 02:25:03] local.WARNING: Product not found for SKU: 18665476  
[2024-11-06 02:25:03] local.WARNING: Product not found for SKU: 19401622  
[2024-11-06 02:25:04] local.WARNING: Product not found for SKU: 19401624  
[2024-11-06 02:25:04] local.WARNING: Product not found for SKU: 19401627  
[2024-11-06 02:25:04] local.WARNING: Product not found for SKU: 19401326  
[2024-11-06 02:25:04] local.WARNING: Product not found for SKU: 19401357  
[2024-11-06 02:25:04] local.WARNING: Product not found for SKU: 19401350  
[2024-11-06 02:25:04] local.WARNING: Product not found for SKU: 19401351  
[2024-11-06 02:25:04] local.WARNING: Product not found for SKU: 19401378  
[2024-11-06 02:25:04] local.WARNING: Product not found for SKU: 19401322  
[2024-11-06 02:25:04] local.WARNING: Product not found for SKU: 19401323  
[2024-11-06 02:25:04] local.WARNING: Product not found for SKU: 19401353  
[2024-11-06 02:25:04] local.WARNING: Product not found for SKU: 19401318  
[2024-11-06 02:25:04] local.WARNING: Product not found for SKU: 19401319  
[2024-11-06 02:25:04] local.WARNING: Product not found for SKU: 19401626  
[2024-11-06 02:25:04] local.WARNING: Product not found for SKU: 19414527  
[2024-11-06 02:25:04] local.WARNING: Product not found for SKU: 19414531  
[2024-11-06 02:25:05] local.WARNING: Product not found for SKU: 19763334  
[2024-11-06 02:25:05] local.WARNING: Product not found for SKU: 19763335  
[2024-11-06 02:25:05] local.WARNING: Product not found for SKU: 19762604  
[2024-11-06 02:25:05] local.WARNING: Product not found for SKU: 19762547  
[2024-11-06 02:25:05] local.WARNING: Product not found for SKU: 19763003  
[2024-11-06 02:25:05] local.WARNING: Product not found for SKU: 19762972  
[2024-11-06 02:25:05] local.WARNING: Product not found for SKU: 19401381  
[2024-11-06 02:25:05] local.WARNING: Product not found for SKU: 19401442  
[2024-11-06 02:25:05] local.WARNING: Product not found for SKU: 19401443  
[2024-11-06 02:25:05] local.WARNING: Product not found for SKU: 19401440  
[2024-11-06 02:25:05] local.WARNING: Product not found for SKU: 19401379  
[2024-11-06 02:25:05] local.WARNING: Product not found for SKU: 19401382  
[2024-11-06 02:25:05] local.WARNING: Product not found for SKU: 19401384  
[2024-11-06 02:25:05] local.WARNING: Product not found for SKU: 19401441  
[2024-11-06 02:25:05] local.WARNING: Product not found for SKU: 19764005  
[2024-11-06 02:25:05] local.WARNING: Product not found for SKU: 19764008  
[2024-11-06 02:25:05] local.WARNING: Product not found for SKU: 19764065  
[2024-11-06 02:25:06] local.WARNING: Product not found for SKU: 19764130  
[2024-11-06 02:25:06] local.WARNING: Product not found for SKU: 19764039  
[2024-11-06 02:25:06] local.WARNING: Product not found for SKU: 19764068  
[2024-11-06 02:25:06] local.WARNING: Product not found for SKU: 19764011  
[2024-11-06 02:25:06] local.WARNING: Product not found for SKU: 19765100  
[2024-11-06 02:25:06] local.WARNING: Product not found for SKU: 19474374  
[2024-11-06 02:25:06] local.WARNING: Product not found for SKU: 19474368  
[2024-11-06 02:25:06] local.WARNING: Product not found for SKU: 19433157  
[2024-11-06 02:25:06] local.WARNING: Product not found for SKU: 19433098  
[2024-11-06 02:25:06] local.WARNING: Product not found for SKU: 19474675  
[2024-11-06 02:25:06] local.WARNING: Product not found for SKU: 19836382  
[2024-11-06 02:25:06] local.WARNING: Product not found for SKU: 19836021  
[2024-11-06 02:25:06] local.WARNING: Product not found for SKU: 19836082  
[2024-11-06 02:25:06] local.WARNING: Product not found for SKU: 19765132  
[2024-11-06 02:25:06] local.WARNING: Product not found for SKU: 19765105  
[2024-11-06 02:25:06] local.WARNING: Product not found for SKU: 19765133  
[2024-11-06 02:25:06] local.WARNING: Product not found for SKU: 19765160  
[2024-11-06 02:25:06] local.WARNING: Product not found for SKU: 19765163  
[2024-11-06 02:25:06] local.WARNING: Product not found for SKU: 19765225  
[2024-11-06 02:25:06] local.WARNING: Product not found for SKU: 19765161  
[2024-11-06 02:25:06] local.WARNING: Product not found for SKU: 19838152  
[2024-11-06 02:25:06] local.WARNING: Product not found for SKU: 19838149  
[2024-11-06 02:25:07] local.WARNING: Product not found for SKU: 19838153  
[2024-11-06 02:25:07] local.WARNING: Product not found for SKU: 19837361  
[2024-11-06 02:25:07] local.WARNING: Product not found for SKU: 19837052  
[2024-11-06 02:25:07] local.WARNING: Product not found for SKU: 19837117  
[2024-11-06 02:25:07] local.WARNING: Product not found for SKU: 19837113  
[2024-11-06 02:25:07] local.WARNING: Product not found for SKU: 19765473  
[2024-11-06 02:25:07] local.WARNING: Product not found for SKU: 19765497  
[2024-11-06 02:25:07] local.WARNING: Product not found for SKU: 19765527  
[2024-11-06 02:25:07] local.WARNING: Product not found for SKU: 19765590  
[2024-11-06 02:25:07] local.WARNING: Product not found for SKU: 19765591  
[2024-11-06 02:25:07] local.WARNING: Product not found for SKU: 19765469  
[2024-11-06 02:25:07] local.WARNING: Product not found for SKU: 19765470  
[2024-11-06 02:25:07] local.WARNING: Product not found for SKU: 19765588  
[2024-11-06 02:25:07] local.WARNING: Product not found for SKU: 19765529  
[2024-11-06 02:25:07] local.WARNING: Product not found for SKU: 19765532  
[2024-11-06 02:25:07] local.WARNING: Product not found for SKU: 19765589  
[2024-11-06 02:25:07] local.WARNING: Product not found for SKU: 19765408  
[2024-11-06 02:25:07] local.WARNING: Product not found for SKU: 26706173  
[2024-11-06 02:25:07] local.WARNING: Product not found for SKU: 23417950  
[2024-11-06 02:25:07] local.WARNING: Product not found for SKU: 23417955  
[2024-11-06 02:25:07] local.WARNING: Product not found for SKU: 23416429  
[2024-11-06 02:25:08] local.WARNING: Product not found for SKU: 23416430  
[2024-11-06 02:25:08] local.WARNING: Product not found for SKU: 23416494  
[2024-11-06 02:25:08] local.WARNING: Product not found for SKU: 23416490  
[2024-11-06 02:25:08] local.WARNING: Product not found for SKU: 23416491  
[2024-11-06 02:25:08] local.WARNING: Product not found for SKU: 23053775  
[2024-11-06 02:25:08] local.WARNING: Product not found for SKU: 23053747  
[2024-11-06 02:25:08] local.WARNING: Product not found for SKU: 23053744  
[2024-11-06 02:25:08] local.WARNING: Product not found for SKU: 23053802  
[2024-11-06 02:25:08] local.WARNING: Product not found for SKU: 23053807  
[2024-11-06 02:25:08] local.WARNING: Product not found for SKU: 23053803  
[2024-11-06 02:25:08] local.WARNING: Product not found for SKU: 23053748  
[2024-11-06 02:25:08] local.WARNING: Product not found for SKU: 23053804  
[2024-11-06 02:25:08] local.WARNING: Product not found for SKU: 19838212  
[2024-11-06 02:25:08] local.WARNING: Product not found for SKU: 19838823  
[2024-11-06 02:25:08] local.WARNING: Product not found for SKU: 19838580  
[2024-11-06 02:25:08] local.WARNING: Product not found for SKU: 19838518  
[2024-11-06 02:25:08] local.WARNING: Product not found for SKU: 19838575  
[2024-11-06 02:25:08] local.WARNING: Product not found for SKU: 19838574  
[2024-11-06 02:25:08] local.WARNING: Product not found for SKU: 19838545  
[2024-11-06 02:25:08] local.WARNING: Product not found for SKU: 19838577  
[2024-11-06 02:25:08] local.WARNING: Product not found for SKU: 19838520  
[2024-11-06 02:25:09] local.WARNING: Product not found for SKU: 19838514  
[2024-11-06 02:25:09] local.WARNING: Product not found for SKU: 26706229  
[2024-11-06 02:25:41] local.WARNING: Product not found for SKU: 11030724  
[2024-11-06 02:25:41] local.WARNING: Product not found for SKU: 11031124  
[2024-11-06 02:25:41] local.WARNING: Product not found for SKU: 12315646  
[2024-11-06 02:25:41] local.WARNING: Product not found for SKU: 12315682  
[2024-11-06 02:25:41] local.WARNING: Product not found for SKU: 12315674  
[2024-11-06 02:25:41] local.WARNING: Product not found for SKU: 12315677  
[2024-11-06 02:25:41] local.WARNING: Product not found for SKU: 12315713  
[2024-11-06 02:25:41] local.WARNING: Product not found for SKU: 12459218  
[2024-11-06 02:25:41] local.WARNING: Product not found for SKU: 12643268  
[2024-11-06 02:25:41] local.WARNING: Product not found for SKU: 12643297  
[2024-11-06 02:25:41] local.WARNING: Product not found for SKU: 12643336  
[2024-11-06 02:25:41] local.WARNING: Product not found for SKU: 19838822  
[2024-11-06 02:25:43] local.WARNING: Product not found for SKU: 12458181  
[2024-11-06 02:25:43] local.WARNING: Product not found for SKU: 12458487  
[2024-11-06 02:25:43] local.WARNING: Product not found for SKU: 12459278  
[2024-11-06 02:25:47] local.WARNING: Product not found for SKU: 5301927  
[2024-11-06 02:25:47] local.WARNING: Product not found for SKU: 12315927  
[2024-11-06 02:25:47] local.WARNING: Product not found for SKU: 12643545  
[2024-11-06 02:25:47] local.WARNING: Product not found for SKU: 16149874  
[2024-11-06 02:25:47] local.WARNING: Product not found for SKU: 19474434  
[2024-11-06 02:25:47] local.WARNING: Product not found for SKU: 19838581  
[2024-11-06 02:25:47] local.WARNING: Product not found for SKU: 12641844  
[2024-11-06 02:25:47] local.WARNING: Product not found for SKU: 11725386  
[2024-11-06 02:25:47] local.WARNING: Product not found for SKU: 11400685  
[2024-11-06 02:25:56] local.WARNING: Product not found for SKU: 8480876  
[2024-11-06 02:25:56] local.WARNING: Product not found for SKU: 8808500  
[2024-11-06 02:25:56] local.WARNING: Missing SKU or Category in row:  {"sku":"0821123-08","category":null} 
[2024-11-06 02:25:56] local.WARNING: Missing SKU or Category in row:  {"sku":"0821123-07","category":null} 
[2024-11-06 02:25:56] local.WARNING: Missing SKU or Category in row:  {"sku":"09306000-XXL","category":null} 
[2024-11-06 02:25:56] local.WARNING: Missing SKU or Category in row:  {"sku":"10701200-M","category":null} 
[2024-11-06 02:25:56] local.WARNING: Missing SKU or Category in row:  {"sku":"10701200-XL","category":null} 
[2024-11-06 02:25:56] local.WARNING: Missing SKU or Category in row:  {"sku":"10701200-XXL","category":null} 
[2024-11-06 02:25:57] local.WARNING: Missing SKU or Category in row:  {"sku":"12701201-M","category":null} 
[2024-11-06 02:25:57] local.WARNING: Missing SKU or Category in row:  {"sku":"12701202-L","category":null} 
[2024-11-06 02:25:57] local.WARNING: Missing SKU or Category in row:  {"sku":"13309002-XS","category":null} 
[2024-11-06 02:25:57] local.WARNING: Missing SKU or Category in row:  {"sku":"13701201-L","category":null} 
[2024-11-06 02:25:58] local.WARNING: Missing SKU or Category in row:  {"sku":"920001W-43","category":null} 
[2024-11-06 02:25:58] local.WARNING: Missing SKU or Category in row:  {"sku":"920001W-44","category":null} 
[2024-11-06 02:25:58] local.WARNING: Missing SKU or Category in row:  {"sku":"A0H-21B1-C03-11","category":null} 
[2024-11-06 02:25:58] local.WARNING: Missing SKU or Category in row:  {"sku":"A0K-11C7-M25-28","category":null} 
[2024-11-06 02:25:58] local.WARNING: Missing SKU or Category in row:  {"sku":"A0K-11C7-M25-30","category":null} 
[2024-11-06 02:25:58] local.WARNING: Missing SKU or Category in row:  {"sku":"A0K-11C7-R52-28","category":null} 
[2024-11-06 02:25:58] local.WARNING: Missing SKU or Category in row:  {"sku":"A0K-11F2-H23-34","category":null} 
[2024-11-06 02:25:58] local.WARNING: Missing SKU or Category in row:  {"sku":"A0K-11F2-H20-32","category":null} 
[2024-11-06 02:25:58] local.WARNING: Missing SKU or Category in row:  {"sku":"A0K-11F2-H20-36","category":null} 
[2024-11-06 02:25:58] local.WARNING: Missing SKU or Category in row:  {"sku":"A0K-12C7-M25-10","category":null} 
[2024-11-06 02:25:58] local.WARNING: Missing SKU or Category in row:  {"sku":"A0K-12C7-M25-09","category":null} 
[2024-11-06 02:25:58] local.WARNING: Missing SKU or Category in row:  {"sku":"A0K-12C7-R52-10","category":null} 
[2024-11-06 02:25:58] local.WARNING: Missing SKU or Category in row:  {"sku":"A0K-12C7-R52-11","category":null} 
[2024-11-06 02:25:58] local.WARNING: Missing SKU or Category in row:  {"sku":"A0K-12C7-R52-12","category":null} 
[2024-11-06 02:25:58] local.WARNING: Missing SKU or Category in row:  {"sku":"A0K-12Q1-B20-11","category":null} 
[2024-11-06 02:25:58] local.WARNING: Missing SKU or Category in row:  {"sku":"A0K-12F4-H31-12","category":null} 
[2024-11-06 02:25:58] local.WARNING: Missing SKU or Category in row:  {"sku":"A0P-11C7-B20-32","category":null} 
[2024-11-06 02:25:58] local.WARNING: Missing SKU or Category in row:  {"sku":"A0P-11F2-N15-32","category":null} 
[2024-11-06 02:25:58] local.WARNING: Missing SKU or Category in row:  {"sku":"A0P-12C7-B20-10","category":null} 
[2024-11-06 02:25:58] local.WARNING: Missing SKU or Category in row:  {"sku":"A0P-12C7-B20-09","category":null} 
[2024-11-06 02:25:58] local.WARNING: Missing SKU or Category in row:  {"sku":"A0P-12C7-B20-11","category":null} 
[2024-11-06 02:25:58] local.WARNING: Missing SKU or Category in row:  {"sku":"A0P-12F4-N10-10","category":null} 
[2024-11-06 02:25:58] local.WARNING: Missing SKU or Category in row:  {"sku":"A0P-12F4-N10-09","category":null} 
[2024-11-06 02:25:59] local.WARNING: Missing SKU or Category in row:  {"sku":"10601200-36","category":null} 
[2024-11-06 02:25:59] local.WARNING: Missing SKU or Category in row:  {"sku":"10601200-38","category":null} 
[2024-11-06 02:25:59] local.WARNING: Missing SKU or Category in row:  {"sku":"10601212-38","category":null} 
[2024-11-06 02:25:59] local.WARNING: Missing SKU or Category in row:  {"sku":"09306005-L","category":null} 
[2024-11-06 02:25:59] local.WARNING: Missing SKU or Category in row:  {"sku":"09306005-XS","category":null} 
[2024-11-06 02:26:01] local.WARNING: Missing SKU or Category in row:  {"sku":"TX-5108XXL","category":null} 
[2024-11-06 02:26:02] local.WARNING: Missing SKU or Category in row:  {"sku":"TS-4012XS","category":null} 
[2024-11-06 02:26:03] local.WARNING: Missing SKU or Category in row:  {"sku":"E1003-42","category":null} 
[2024-11-06 02:26:04] local.WARNING: Missing SKU or Category in row:  {"sku":"E1062-42","category":null} 
[2024-11-06 02:26:04] local.WARNING: Missing SKU or Category in row:  {"sku":"E1062-43","category":null} 
[2024-11-06 02:26:04] local.WARNING: Missing SKU or Category in row:  {"sku":"E1062-44","category":null} 
[2024-11-06 02:26:04] local.WARNING: Missing SKU or Category in row:  {"sku":"E1051-42","category":null} 
[2024-11-06 02:26:04] local.WARNING: Missing SKU or Category in row:  {"sku":"E1051-43","category":null} 
[2024-11-06 02:26:05] local.WARNING: Missing SKU or Category in row:  {"sku":"E16021-42","category":null} 
[2024-11-06 02:26:07] local.WARNING: Missing SKU or Category in row:  {"sku":"24320-41","category":null} 
[2024-11-06 02:26:07] local.WARNING: Missing SKU or Category in row:  {"sku":"24320-42","category":null} 
[2024-11-06 02:26:07] local.WARNING: Missing SKU or Category in row:  {"sku":"24310-41","category":null} 
[2024-11-06 02:26:08] local.WARNING: Product not found for SKU: 19474672  
[2024-11-06 02:26:08] local.WARNING: Product not found for SKU: 19838819  
[2024-11-06 02:26:09] local.WARNING: Product not found for SKU: 19030295  
[2024-11-06 02:26:13] local.WARNING: Missing SKU or Category in row:  {"sku":"A0K-11F2-H32-38","category":null} 
[2024-11-06 02:26:13] local.WARNING: Missing SKU or Category in row:  {"sku":"A0K-11F2-H20-30","category":null} 
[2024-11-06 02:26:13] local.WARNING: Missing SKU or Category in row:  {"sku":"A0K-11F2-H20-38","category":null} 
[2024-11-06 02:26:13] local.WARNING: Missing SKU or Category in row:  {"sku":"A0P-11C7-B20-28","category":null} 
[2024-11-06 02:26:14] local.WARNING: Missing SKU or Category in row:  {"sku":"10601200-30","category":null} 
[2024-11-06 02:26:14] local.WARNING: Missing SKU or Category in row:  {"sku":"0811710-30","category":null} 
[2024-11-06 02:26:14] local.WARNING: Missing SKU or Category in row:  {"sku":"TX-5105S","category":null} 
[2024-11-06 02:26:15] local.WARNING: Missing SKU or Category in row:  {"sku":"E1051-44","category":null} 
[2024-11-06 02:26:15] local.WARNING: Missing SKU or Category in row:  {"sku":"24120-41","category":null} 
[2024-11-06 02:26:15] local.WARNING: Missing SKU or Category in row:  {"sku":"24310-48","category":null} 
[2024-11-06 02:26:19] local.WARNING: Product not found for SKU: 12315673  
[2024-11-06 02:26:20] local.WARNING: Missing SKU or Category in row:  {"sku":"4693-044","category":null} 
[2024-11-06 02:26:21] local.WARNING: Product not found for SKU: 12643360  
[2024-11-06 02:26:23] local.WARNING: Product not found for SKU: 12459466  
[2024-11-06 02:26:23] local.WARNING: Product not found for SKU: 12459155  
[2024-11-06 02:26:23] local.WARNING: Product not found for SKU: 12643548  
[2024-11-06 02:26:23] local.WARNING: Product not found for SKU: 12459463  
[2024-11-06 02:26:23] local.WARNING: Product not found for SKU: 12315615  
[2024-11-06 02:26:23] local.WARNING: Product not found for SKU: 12315925  
[2024-11-06 02:26:24] local.WARNING: Product not found for SKU: 19474430  
[2024-11-06 02:26:24] local.WARNING: Product not found for SKU: 16149629  
[2024-11-06 02:26:25] local.WARNING: Product not found for SKU: 12643245  
[2024-11-06 02:26:27] local.WARNING: Missing SKU or Category in row:  {"sku":"B3R","category":null} 
[2024-11-06 02:26:27] local.WARNING: Missing SKU or Category in row:  {"sku":"B3S","category":null} 
[2024-11-06 02:26:27] local.WARNING: Missing SKU or Category in row:  {"sku":"TX-1001","category":null} 
[2024-11-06 02:26:27] local.WARNING: Missing SKU or Category in row:  {"sku":"TS-4003","category":null} 
[2024-11-06 02:26:27] local.WARNING: Missing SKU or Category in row:  {"sku":"TX-5101","category":null} 
[2024-11-06 02:26:27] local.WARNING: Missing SKU or Category in row:  {"sku":"0812710-09","category":null} 
[2024-11-06 02:26:27] local.WARNING: Missing SKU or Category in row:  {"sku":"0912710-08","category":null} 
[2024-11-06 02:26:27] local.WARNING: Missing SKU or Category in row:  {"sku":"0812720-10","category":null} 
[2024-11-06 02:26:27] local.WARNING: Missing SKU or Category in row:  {"sku":"0812720-09","category":null} 
[2024-11-06 02:26:27] local.WARNING: Missing SKU or Category in row:  {"sku":"0912720-08","category":null} 
[2024-11-06 02:26:27] local.WARNING: Missing SKU or Category in row:  {"sku":"0912810-04","category":null} 
[2024-11-06 02:26:27] local.WARNING: Missing SKU or Category in row:  {"sku":"0912730-09","category":null} 
[2024-11-06 02:26:27] local.WARNING: Missing SKU or Category in row:  {"sku":"0912730-08","category":null} 
[2024-11-06 02:26:27] local.WARNING: Missing SKU or Category in row:  {"sku":"0911710-26","category":null} 
[2024-11-06 02:26:27] local.WARNING: Missing SKU or Category in row:  {"sku":"0811710-28","category":null} 
[2024-11-06 02:26:27] local.WARNING: Missing SKU or Category in row:  {"sku":"0811720-28","category":null} 
[2024-11-06 02:26:27] local.WARNING: Missing SKU or Category in row:  {"sku":"0911720-28","category":null} 
[2024-11-06 02:26:27] local.WARNING: Missing SKU or Category in row:  {"sku":"0911720-30","category":null} 
[2024-11-06 02:26:27] local.WARNING: Missing SKU or Category in row:  {"sku":"0811720-32","category":null} 
[2024-11-06 02:26:27] local.WARNING: Missing SKU or Category in row:  {"sku":"0811730-28","category":null} 
[2024-11-06 02:26:27] local.WARNING: Missing SKU or Category in row:  {"sku":"0911730-28","category":null} 
[2024-11-06 02:26:27] local.WARNING: Missing SKU or Category in row:  {"sku":"0811730-30","category":null} 
[2024-11-06 02:26:27] local.WARNING: Missing SKU or Category in row:  {"sku":"0911730-30","category":null} 
[2024-11-06 02:26:27] local.WARNING: Missing SKU or Category in row:  {"sku":"0911730-36","category":null} 
[2024-11-06 02:26:27] local.WARNING: Missing SKU or Category in row:  {"sku":"0913703-12","category":null} 
[2024-11-06 02:26:27] local.WARNING: Missing SKU or Category in row:  {"sku":"0913703-13","category":null} 
[2024-11-06 02:26:27] local.WARNING: Missing SKU or Category in row:  {"sku":238199.0,"category":null} 
[2024-11-06 02:26:27] local.WARNING: Missing SKU or Category in row:  {"sku":237400.0,"category":null} 
[2024-11-06 02:26:27] local.WARNING: Missing SKU or Category in row:  {"sku":"A0I-13B1-V03-10","category":null} 
[2024-11-06 02:26:27] local.WARNING: Missing SKU or Category in row:  {"sku":"A0I-13C1-M06-09","category":null} 
[2024-11-06 02:26:27] local.WARNING: Missing SKU or Category in row:  {"sku":"A0I-13C1-M06-10","category":null} 
[2024-11-06 02:26:27] local.WARNING: Missing SKU or Category in row:  {"sku":"A0I-13A1-M01-11","category":null} 
[2024-11-06 02:26:27] local.WARNING: Missing SKU or Category in row:  {"sku":"A0I-13A1-M06-10","category":null} 
[2024-11-06 02:26:27] local.WARNING: Missing SKU or Category in row:  {"sku":"A0I-13A1-M06-11","category":null} 
[2024-11-06 02:26:27] local.WARNING: Missing SKU or Category in row:  {"sku":"DIAX020","category":null} 
[2024-11-06 02:26:27] local.WARNING: Missing SKU or Category in row:  {"sku":9990.0,"category":null} 
[2024-11-06 02:26:27] local.WARNING: Missing SKU or Category in row:  {"sku":"PROMP60","category":null} 
[2024-11-06 02:26:27] local.WARNING: Missing SKU or Category in row:  {"sku":"PRO9990","category":null} 
[2024-11-06 02:26:27] local.WARNING: Missing SKU or Category in row:  {"sku":"0811020-32","category":null} 
[2024-11-06 02:26:27] local.WARNING: Missing SKU or Category in row:  {"sku":"912040-0199","category":null} 
[2024-11-06 02:26:27] local.WARNING: Missing SKU or Category in row:  {"sku":8318104.0,"category":null} 
[2024-11-06 02:26:27] local.WARNING: Missing SKU or Category in row:  {"sku":8318106.0,"category":null} 
[2024-11-06 02:26:27] local.WARNING: Missing SKU or Category in row:  {"sku":"0812210-10","category":null} 
[2024-11-06 02:26:27] local.WARNING: Missing SKU or Category in row:  {"sku":"0812210-08","category":null} 
[2024-11-06 02:26:27] local.WARNING: Missing SKU or Category in row:  {"sku":"0811210-28","category":null} 
[2024-11-06 02:26:27] local.WARNING: Missing SKU or Category in row:  {"sku":"0811210-30","category":null} 
[2024-11-06 02:26:27] local.WARNING: Missing SKU or Category in row:  {"sku":"0811251-28","category":null} 
[2024-11-06 02:26:27] local.WARNING: Missing SKU or Category in row:  {"sku":"0811251-30","category":null} 
[2024-11-06 02:26:27] local.WARNING: Missing SKU or Category in row:  {"sku":"0811251-32","category":null} 
[2024-11-06 02:26:27] local.WARNING: Missing SKU or Category in row:  {"sku":"0811250-26","category":null} 
[2024-11-06 02:26:27] local.WARNING: Missing SKU or Category in row:  {"sku":"0811250-28","category":null} 
[2024-11-06 02:26:27] local.WARNING: Missing SKU or Category in row:  {"sku":"0812125-12","category":null} 
[2024-11-06 02:26:27] local.WARNING: Missing SKU or Category in row:  {"sku":"0812125-11","category":null} 
[2024-11-06 02:26:27] local.WARNING: Missing SKU or Category in row:  {"sku":"0811125-30","category":null} 
[2024-11-06 02:26:27] local.WARNING: Missing SKU or Category in row:  {"sku":"0821112-08","category":null} 
[2024-11-06 02:26:27] local.WARNING: Missing SKU or Category in row:  {"sku":"0821112-07","category":null} 
[2024-11-06 02:26:27] local.WARNING: Missing SKU or Category in row:  {"sku":"A0I-21B1-C02-10","category":null} 
[2024-11-06 02:26:27] local.WARNING: Missing SKU or Category in row:  {"sku":"A0I-21B1-C02-09","category":null} 
[2024-11-06 02:26:27] local.WARNING: Missing SKU or Category in row:  {"sku":"A0I-21B1-C02-11","category":null} 
[2024-11-06 02:26:27] local.WARNING: Missing SKU or Category in row:  {"sku":237799.0,"category":null} 
[2024-11-06 02:26:27] local.WARNING: Missing SKU or Category in row:  {"sku":237699.0,"category":null} 
[2024-11-06 02:26:27] local.WARNING: Missing SKU or Category in row:  {"sku":"A0G-13B1-B02-12","category":null} 
[2024-11-06 02:26:27] local.WARNING: Missing SKU or Category in row:  {"sku":"A0G-13C1-A02-11","category":null} 
[2024-11-06 02:26:27] local.WARNING: Missing SKU or Category in row:  {"sku":"A0G-13A1-A02-12","category":null} 
[2024-11-06 02:26:27] local.WARNING: Missing SKU or Category in row:  {"sku":"INSERT","category":null} 
[2024-11-06 02:26:27] local.WARNING: Missing SKU or Category in row:  {"sku":"TS-4004L","category":null} 
[2024-11-06 02:26:27] local.WARNING: Missing SKU or Category in row:  {"sku":"TX-1000L","category":null} 
[2024-11-06 02:26:27] local.WARNING: Missing SKU or Category in row:  {"sku":"TX-2104L","category":null} 
[2024-11-06 02:26:27] local.WARNING: Missing SKU or Category in row:  {"sku":"TX-5104L","category":null} 
[2024-11-06 02:26:27] local.WARNING: Missing SKU or Category in row:  {"sku":"TX-1000M","category":null} 
[2024-11-06 02:26:27] local.WARNING: Missing SKU or Category in row:  {"sku":"TX-2104M","category":null} 
[2024-11-06 02:26:27] local.WARNING: Missing SKU or Category in row:  {"sku":"TX-5104M","category":null} 
[2024-11-06 02:26:27] local.WARNING: Missing SKU or Category in row:  {"sku":"TX-1000S","category":null} 
[2024-11-06 02:26:27] local.WARNING: Missing SKU or Category in row:  {"sku":"TX-5104S","category":null} 
[2024-11-06 02:26:27] local.WARNING: Missing SKU or Category in row:  {"sku":"TS-4004XL","category":null} 
[2024-11-06 02:26:27] local.WARNING: Missing SKU or Category in row:  {"sku":"TX-1000XL","category":null} 
[2024-11-06 02:26:27] local.WARNING: Missing SKU or Category in row:  {"sku":"TX-2104XL","category":null} 
[2024-11-06 02:26:27] local.WARNING: Missing SKU or Category in row:  {"sku":"TX-5104XL","category":null} 
[2024-11-06 02:26:27] local.WARNING: Missing SKU or Category in row:  {"sku":"TS-4004XS","category":null} 
[2024-11-06 02:26:27] local.WARNING: Missing SKU or Category in row:  {"sku":"TS-4004XXL","category":null} 
[2024-11-06 02:26:27] local.WARNING: Missing SKU or Category in row:  {"sku":"TX-1000XXL","category":null} 
[2024-11-06 02:26:27] local.WARNING: Missing SKU or Category in row:  {"sku":"TX-2104XXL","category":null} 
[2024-11-06 02:26:27] local.WARNING: Missing SKU or Category in row:  {"sku":"TX-5104XXL","category":null} 
[2024-11-06 02:26:27] local.WARNING: Missing SKU or Category in row:  {"sku":"MA","category":null} 
[2024-11-06 02:26:27] local.WARNING: Missing SKU or Category in row:  {"sku":"130140-40","category":null} 
[2024-11-06 02:26:27] local.WARNING: Missing SKU or Category in row:  {"sku":"130109-43","category":null} 
[2024-11-06 02:26:27] local.WARNING: Missing SKU or Category in row:  {"sku":"130109-44","category":null} 
[2024-11-06 02:26:27] local.WARNING: Missing SKU or Category in row:  {"sku":"130109-45","category":null} 
[2024-11-06 02:26:27] local.WARNING: Missing SKU or Category in row:  {"sku":"130109-46","category":null} 
[2024-11-06 02:26:27] local.WARNING: Missing SKU or Category in row:  {"sku":990011.0,"category":null} 
[2024-11-06 02:26:27] local.WARNING: Missing SKU or Category in row:  {"sku":"TX-2102","category":null} 
[2024-11-06 02:26:27] local.WARNING: Missing SKU or Category in row:  {"sku":"TS-4002","category":null} 
[2024-11-06 02:26:27] local.WARNING: Missing SKU or Category in row:  {"sku":"TS-4000","category":null} 
[2024-11-06 02:26:27] local.WARNING: Missing SKU or Category in row:  {"sku":"A0K-13F3-H31-11","category":null} 
[2024-11-06 02:26:27] local.WARNING: Missing SKU or Category in row:  {"sku":"A0K-13F3-H31-12","category":null} 
[2024-11-06 02:26:27] local.WARNING: Missing SKU or Category in row:  {"sku":"A0J-13F3-H03-12","category":null} 
[2024-11-06 02:26:27] local.WARNING: Missing SKU or Category in row:  {"sku":"A0J-13F3-H04-08","category":null} 
[2024-11-06 02:26:27] local.WARNING: Missing SKU or Category in row:  {"sku":"A0J-13F3-H04-12","category":null} 
[2024-11-06 02:26:27] local.WARNING: Missing SKU or Category in row:  {"sku":"A0J-13F3-H02-08","category":null} 
[2024-11-06 02:26:27] local.WARNING: Missing SKU or Category in row:  {"sku":"A0J-13F3-H02-12","category":null} 
[2024-11-06 02:26:27] local.WARNING: Missing SKU or Category in row:  {"sku":"A0K-13F3-H23-11","category":null} 
[2024-11-06 02:26:27] local.WARNING: Missing SKU or Category in row:  {"sku":"A0K-13F3-H20-11","category":null} 
[2024-11-06 02:26:27] local.WARNING: Missing SKU or Category in row:  {"sku":"A0K-13F3-H20-12","category":null} 
[2024-11-06 02:26:27] local.WARNING: Missing SKU or Category in row:  {"sku":"A0K-13F3-H20-13","category":null} 
[2024-11-06 02:26:27] local.WARNING: Missing SKU or Category in row:  {"sku":"A0K-21W2-B66-10","category":null} 
[2024-11-06 02:26:27] local.WARNING: Missing SKU or Category in row:  {"sku":"A0K-21W2-B60-12","category":null} 
[2024-11-06 02:26:27] local.WARNING: Missing SKU or Category in row:  {"sku":"A0K-21W2-H20-10","category":null} 
[2024-11-06 02:26:27] local.WARNING: Missing SKU or Category in row:  {"sku":137598.0,"category":null} 
[2024-11-06 02:26:27] local.WARNING: Missing SKU or Category in row:  {"sku":137528.0,"category":null} 
[2024-11-06 02:26:27] local.WARNING: Missing SKU or Category in row:  {"sku":137515.0,"category":null} 
[2024-11-06 02:26:27] local.WARNING: Missing SKU or Category in row:  {"sku":137514.0,"category":null} 
[2024-11-06 02:26:27] local.WARNING: Missing SKU or Category in row:  {"sku":"TX-210308","category":null} 
[2024-11-06 02:26:27] local.WARNING: Missing SKU or Category in row:  {"sku":"TX-100412","category":null} 
[2024-11-06 02:26:27] local.WARNING: Missing SKU or Category in row:  {"sku":"TX-210306","category":null} 
[2024-11-06 02:26:27] local.WARNING: Missing SKU or Category in row:  {"sku":"TX-210305","category":null} 
[2024-11-06 02:26:27] local.WARNING: Missing SKU or Category in row:  {"sku":"TX-510305","category":null} 
[2024-11-06 02:26:27] local.WARNING: Missing SKU or Category in row:  {"sku":137516.0,"category":null} 
[2024-11-06 02:26:27] local.WARNING: Missing SKU or Category in row:  {"sku":137898.0,"category":null} 
[2024-11-06 02:26:27] local.WARNING: Missing SKU or Category in row:  {"sku":137517.0,"category":null} 
[2024-11-06 02:26:27] local.WARNING: Missing SKU or Category in row:  {"sku":"0921103-08","category":null} 
[2024-11-06 02:26:27] local.WARNING: Missing SKU or Category in row:  {"sku":"0921110-09","category":null} 
[2024-11-06 02:26:27] local.WARNING: Missing SKU or Category in row:  {"sku":"0921110-11","category":null} 
[2024-11-06 02:26:27] local.WARNING: Missing SKU or Category in row:  {"sku":"0911020-32","category":null} 
[2024-11-06 02:26:27] local.WARNING: Missing SKU or Category in row:  {"sku":"0911010-30","category":null} 
[2024-11-06 02:26:27] local.WARNING: Missing SKU or Category in row:  {"sku":"9000Z","category":null} 
[2024-11-06 02:26:27] local.WARNING: Missing SKU or Category in row:  {"sku":17.0,"category":null} 
[2024-11-06 02:26:28] local.WARNING: Product not found for SKU: 19437905  
[2024-11-06 02:26:38] local.WARNING: Missing SKU or Category in row:  {"sku":"QCKTMO","category":null} 
[2024-11-06 02:26:38] local.WARNING: Missing SKU or Category in row:  {"sku":"3600-RSH1","category":null} 
[2024-11-06 02:26:38] local.WARNING: Missing SKU or Category in row:  {"sku":"A0F-12B1-B03-10","category":null} 
[2024-11-06 02:26:52] local.WARNING: Missing SKU or Category in row:  {"sku":"A0D-21D1-A02-08","category":null} 
[2024-11-06 02:26:52] local.WARNING: Missing SKU or Category in row:  {"sku":"A0D-11B1-B04-32","category":null} 
[2024-11-06 02:26:53] local.WARNING: Missing SKU or Category in row:  {"sku":"A0D-21D1-A02-11","category":null} 
[2024-11-06 02:26:53] local.WARNING: Missing SKU or Category in row:  {"sku":"A0D-29A1-B01","category":null} 
[2024-11-06 02:27:02] local.WARNING: Product not found for SKU: 8808502  
[2024-11-06 02:27:02] local.WARNING: Product not found for SKU: 11725080  
[2024-11-06 02:27:02] local.WARNING: Product not found for SKU: 8480878  
[2024-11-06 02:27:02] local.WARNING: Product not found for SKU: 11397092  
[2024-11-06 02:27:02] local.WARNING: Product not found for SKU: 11725078  
[2024-11-06 02:27:02] local.WARNING: Product not found for SKU: 11397090  
[2024-11-06 02:27:02] local.WARNING: Product not found for SKU: 12643366  
[2024-11-06 02:27:02] local.WARNING: Product not found for SKU: 12315743  
[2024-11-06 02:27:02] local.WARNING: Product not found for SKU: 19030264  
[2024-11-06 02:27:02] local.WARNING: Product not found for SKU: 19837112  
[2024-11-06 02:27:02] local.WARNING: Product not found for SKU: 19474426  
[2024-11-06 02:27:02] local.WARNING: Product not found for SKU: 11400742  
[2024-11-06 02:27:02] local.WARNING: Product not found for SKU: 16113071  
[2024-11-06 02:27:02] local.WARNING: Product not found for SKU: 12643541  
[2024-11-06 02:27:03] local.WARNING: Product not found for SKU: 12315918  
[2024-11-06 02:27:03] local.WARNING: Missing SKU or Category in row:  {"sku":"50220-059-02","category":null} 
[2024-11-06 02:27:06] local.WARNING: Missing SKU or Category in row:  {"sku":"A0E-11A1-A02-28","category":null} 
[2024-11-06 02:27:06] local.WARNING: Missing SKU or Category in row:  {"sku":"A0E-13A1-A02-10","category":null} 
[2024-11-06 02:27:06] local.WARNING: Missing SKU or Category in row:  {"sku":"A0E-11A1-A03-30","category":null} 
[2024-11-06 02:27:06] local.WARNING: Missing SKU or Category in row:  {"sku":"A0E-11A1-A03-26","category":null} 
[2024-11-06 02:27:06] local.WARNING: Missing SKU or Category in row:  {"sku":"A0E-11A1-A01-30","category":null} 
[2024-11-06 02:27:06] local.WARNING: Missing SKU or Category in row:  {"sku":"A0E-12A1-A02-09","category":null} 
[2024-11-06 02:27:06] local.WARNING: Missing SKU or Category in row:  {"sku":"A0E-11A1-A01-36","category":null} 
[2024-11-06 02:27:06] local.WARNING: Missing SKU or Category in row:  {"sku":"A0E-12A1-A02-12","category":null} 
[2024-11-06 02:27:06] local.WARNING: Missing SKU or Category in row:  {"sku":"A0E-13A1-A02-11","category":null} 
[2024-11-06 02:27:06] local.WARNING: Missing SKU or Category in row:  {"sku":"A0E-13A1-A02-09","category":null} 
[2024-11-06 02:27:06] local.WARNING: Missing SKU or Category in row:  {"sku":"A0E-11A1-A02-30","category":null} 
[2024-11-06 02:27:06] local.WARNING: Missing SKU or Category in row:  {"sku":"A0E-11A1-A02-34","category":null} 
[2024-11-06 02:27:06] local.WARNING: Missing SKU or Category in row:  {"sku":"A0E-13A1-A02-08","category":null} 
[2024-11-06 02:27:06] local.WARNING: Missing SKU or Category in row:  {"sku":"A0E-11A1-A02-32","category":null} 
[2024-11-06 02:27:06] local.WARNING: Missing SKU or Category in row:  {"sku":"A0E-11A1-A03-28","category":null} 
[2024-11-06 02:27:09] local.WARNING: Missing SKU or Category in row:  {"sku":"A0H-21B1-A02-11","category":null} 
[2024-11-06 02:27:12] local.WARNING: Product not found for SKU: 8517396  
[2024-11-06 02:27:12] local.WARNING: Product not found for SKU: 8517157  
[2024-11-06 02:27:13] local.WARNING: Missing SKU or Category in row:  {"sku":"50113-003-02","category":null} 
[2024-11-06 02:27:13] local.WARNING: Product not found for SKU: 8517151  
[2024-11-06 02:27:13] local.WARNING: Product not found for SKU: 8517402  
[2024-11-06 02:27:14] local.WARNING: Missing SKU or Category in row:  {"sku":"A0C-11B1-A07-32","category":null} 
[2024-11-06 02:27:14] local.WARNING: Product not found for SKU: 8517155  
[2024-11-06 02:27:23] local.WARNING: Product not found for SKU: 8517153  
[2024-11-06 02:27:24] local.WARNING: Missing SKU or Category in row:  {"sku":"202-300","category":null} 
[2024-11-06 02:27:24] local.WARNING: Missing SKU or Category in row:  {"sku":"A0G-13D2-A02-03","category":null} 
[2024-11-06 02:27:24] local.WARNING: Missing SKU or Category in row:  {"sku":"A0D-21A3-B06","category":null} 
[2024-11-06 02:27:24] local.WARNING: Missing SKU or Category in row:  {"sku":"A0D-21A3-B05","category":null} 
[2024-11-06 02:27:24] local.WARNING: Missing SKU or Category in row:  {"sku":"A0D-21A3-E03","category":null} 
[2024-11-06 02:27:24] local.WARNING: Product not found for SKU: A0D-12A1-A03-10  
[2024-11-06 02:27:24] local.WARNING: Missing SKU or Category in row:  {"sku":"9000SKK","category":null} 
[2024-11-06 02:27:29] local.WARNING: Missing SKU or Category in row:  {"sku":"PZ3180LLAB","category":null} 
[2024-11-06 02:27:30] local.WARNING: Product not found for SKU: 12315738  
[2024-11-06 02:27:31] local.WARNING: Product not found for SKU: 12643361  
[2024-11-06 02:27:32] local.WARNING: Missing SKU or Category in row:  {"sku":"8154D150","category":null} 
[2024-11-06 02:27:35] local.WARNING: Product not found for SKU: 19838573  
[2024-11-06 02:27:35] local.WARNING: Product not found for SKU: 4791929  
[2024-11-06 02:27:35] local.WARNING: Product not found for SKU: 5302174  
[2024-11-06 02:27:35] local.WARNING: Missing SKU or Category in row:  {"sku":"KTM 214F","category":null} 
[2024-11-06 02:27:37] local.WARNING: Product not found for SKU: 19474676  
[2024-11-06 02:27:38] local.WARNING: Product not found for SKU: 5301988  
[2024-11-06 02:28:01] local.WARNING: Missing SKU or Category in row:  {"sku":"4160-0028","category":null} 
[2024-11-06 02:28:01] local.WARNING: Missing SKU or Category in row:  {"sku":"4156-0134","category":null} 
[2024-11-06 02:28:01] local.WARNING: Missing SKU or Category in row:  {"sku":"4251-1424","category":null} 
[2024-11-06 02:28:04] local.WARNING: Product not found for SKU: 8517158  
[2024-11-06 02:28:05] local.WARNING: Missing SKU or Category in row:  {"sku":"A0B-11D1-A01-34","category":null} 
[2024-11-06 02:28:05] local.WARNING: Missing SKU or Category in row:  {"sku":"A0B-12B2-B05-10","category":null} 
[2024-11-06 02:28:05] local.WARNING: Missing SKU or Category in row:  {"sku":"A0B-11E1-A01-32","category":null} 
[2024-11-06 02:28:05] local.WARNING: Missing SKU or Category in row:  {"sku":"A0B-21A1-E07-08","category":null} 
[2024-11-06 02:28:05] local.WARNING: Missing SKU or Category in row:  {"sku":"A0B-11E1-A01-30","category":null} 
[2024-11-06 02:28:05] local.WARNING: Missing SKU or Category in row:  {"sku":"A0B-21A1-E06-10","category":null} 
[2024-11-06 02:28:05] local.WARNING: Missing SKU or Category in row:  {"sku":"A0B-12D1-A01-08","category":null} 
[2024-11-06 02:28:05] local.WARNING: Missing SKU or Category in row:  {"sku":"A0B-11B2-B05-32","category":null} 
[2024-11-06 02:28:05] local.WARNING: Missing SKU or Category in row:  {"sku":"A0B-11B2-B05-34","category":null} 
[2024-11-06 02:28:05] local.WARNING: Missing SKU or Category in row:  {"sku":"A0B-12B2-B02-10","category":null} 
[2024-11-06 02:28:05] local.WARNING: Missing SKU or Category in row:  {"sku":"A0B-12D1-A03-11","category":null} 
[2024-11-06 02:28:05] local.WARNING: Missing SKU or Category in row:  {"sku":"A0B-12D1-A03-08","category":null} 
[2024-11-06 02:28:06] local.WARNING: Missing SKU or Category in row:  {"sku":"A0B-12C1-A04-10","category":null} 
[2024-11-06 02:28:06] local.WARNING: Missing SKU or Category in row:  {"sku":"A0C-14D1-A01-11","category":null} 
[2024-11-06 02:28:08] local.WARNING: Product not found for SKU: 27105440  
[2024-11-06 02:28:08] local.WARNING: Product not found for SKU: 27105443  
[2024-11-06 02:28:08] local.WARNING: Product not found for SKU: 27106904  
[2024-11-06 02:28:08] local.WARNING: Product not found for SKU: 27106901  
[2024-11-06 02:28:09] local.WARNING: Missing SKU or Category in row:  {"sku":"A0B-21B1-B02-10","category":null} 
[2024-11-06 02:28:09] local.WARNING: Missing SKU or Category in row:  {"sku":"A0B-21B1-A01-11","category":null} 
[2024-11-06 02:28:11] local.WARNING: Missing SKU or Category in row:  {"sku":"PZ3180MMBLAZ","category":null} 
[2024-11-06 02:28:11] local.WARNING: Missing SKU or Category in row:  {"sku":"2174-085-45","category":null} 
[2024-11-06 02:28:11] local.WARNING: Missing SKU or Category in row:  {"sku":"2174-085-43","category":null} 
[2024-11-06 02:28:11] local.WARNING: Missing SKU or Category in row:  {"sku":"2174-085-44","category":null} 
[2024-11-06 02:28:11] local.WARNING: Missing SKU or Category in row:  {"sku":"2190-005-43","category":null} 
[2024-11-06 02:28:11] local.WARNING: Missing SKU or Category in row:  {"sku":"2190-005-46","category":null} 
[2024-11-06 02:28:11] local.WARNING: Missing SKU or Category in row:  {"sku":"2190-005-45","category":null} 
[2024-11-06 02:28:11] local.WARNING: Missing SKU or Category in row:  {"sku":"2425-001-41","category":null} 
[2024-11-06 02:28:12] local.WARNING: Product not found for SKU: A0H-21B3-A02  
[2024-11-06 02:28:12] local.WARNING: Product not found for SKU: A0C-21A3-D03  
[2024-11-06 02:28:12] local.WARNING: Product not found for SKU: A0C-21A3-C04  
[2024-11-06 02:28:12] local.WARNING: Product not found for SKU: A0C-21A3-B02  
[2024-11-06 02:28:12] local.WARNING: Product not found for SKU: A0C-21A3-C08  
[2024-11-06 02:28:17] local.WARNING: Missing SKU or Category in row:  {"sku":"2439-013-41","category":null} 
[2024-11-06 02:28:26] local.WARNING: Product not found for SKU: 19547478  
[2024-11-06 02:28:28] local.WARNING: Product not found for SKU: 12640743  
[2024-11-06 02:28:29] local.WARNING: Product not found for SKU: 15785538  
[2024-11-06 02:28:29] local.WARNING: Product not found for SKU: 19838634  
[2024-11-06 02:28:29] local.WARNING: Product not found for SKU: 19474487  
[2024-11-06 02:28:29] local.WARNING: Product not found for SKU: 19765586  
[2024-11-06 02:28:29] local.WARNING: Product not found for SKU: 19401438  
[2024-11-06 02:28:29] local.WARNING: Product not found for SKU: 8517404  
[2024-11-06 02:28:29] local.WARNING: Product not found for SKU: 8517398  
[2024-11-06 02:28:29] local.WARNING: Product not found for SKU: 16149686  
[2024-11-06 02:28:30] local.WARNING: Product not found for SKU: 5228881  
[2024-11-06 02:28:30] local.WARNING: Product not found for SKU: 12459189  
[2024-11-06 02:28:30] local.WARNING: Product not found for SKU: 19029988  
[2024-11-06 02:28:31] local.WARNING: Product not found for SKU: 12315649  
[2024-11-06 02:28:31] local.WARNING: Product not found for SKU: 12315920  
[2024-11-06 02:28:31] local.WARNING: Product not found for SKU: 12460922  
[2024-11-06 02:28:31] local.WARNING: Product not found for SKU: 12459461  
[2024-11-06 02:28:32] local.WARNING: Product not found for SKU: 19474492  
[2024-11-06 02:28:32] local.WARNING: Product not found for SKU: 19837178  
[2024-11-06 02:28:32] local.WARNING: Product not found for SKU: 8517124  
[2024-11-06 02:28:33] local.WARNING: Product not found for SKU: 12315735  
[2024-11-06 02:28:33] local.WARNING: Product not found for SKU: 12643358  
[2024-11-06 02:28:37] local.WARNING: Product not found for SKU: 12310929  
[2024-11-06 02:28:37] local.WARNING: Product not found for SKU: 10629352  
[2024-11-06 02:28:37] local.WARNING: Product not found for SKU: 11030754  
[2024-11-06 02:28:40] local.WARNING: Missing SKU or Category in row:  {"sku":"2731-4021","category":null} 
[2024-11-06 02:28:41] local.WARNING: Missing SKU or Category in row:  {"sku":"2174-088-44","category":null} 
[2024-11-06 02:28:41] local.WARNING: Missing SKU or Category in row:  {"sku":"2174-088-41","category":null} 
[2024-11-06 02:28:41] local.WARNING: Missing SKU or Category in row:  {"sku":"2174-088-46","category":null} 
[2024-11-06 02:28:41] local.WARNING: Missing SKU or Category in row:  {"sku":"2174-088-45","category":null} 
[2024-11-06 02:28:42] local.WARNING: Missing SKU or Category in row:  {"sku":"2174-088-43","category":null} 
[2024-11-06 02:28:42] local.WARNING: Missing SKU or Category in row:  {"sku":"2174-088-42","category":null} 
[2024-11-06 02:28:45] local.WARNING: Missing SKU or Category in row:  {"sku":"A0A-21A1-B02-08","category":null} 
[2024-11-06 02:28:45] local.WARNING: Missing SKU or Category in row:  {"sku":"A0A-21A1-B05-08","category":null} 
[2024-11-06 02:28:45] local.WARNING: Missing SKU or Category in row:  {"sku":"A0A-11A2-B01-30","category":null} 
[2024-11-06 02:28:45] local.WARNING: Missing SKU or Category in row:  {"sku":"A0B-21B1-B08-11","category":null} 
[2024-11-06 02:28:45] local.WARNING: Missing SKU or Category in row:  {"sku":"A0B-21B1-B07-09","category":null} 
[2024-11-06 02:28:46] local.WARNING: Missing SKU or Category in row:  {"sku":"A0A-21A1-E09-07","category":null} 
[2024-11-06 02:28:46] local.WARNING: Missing SKU or Category in row:  {"sku":"A0A-15A1-A01-12","category":null} 
[2024-11-06 02:28:47] local.WARNING: Missing SKU or Category in row:  {"sku":"A0B-21B1-B07-11","category":null} 
[2024-11-06 02:28:47] local.WARNING: Missing SKU or Category in row:  {"sku":"A0A-15B1-A01-11","category":null} 
[2024-11-06 02:28:47] local.WARNING: Missing SKU or Category in row:  {"sku":"A0A-15A1-A01-09","category":null} 
[2024-11-06 02:28:48] local.WARNING: Missing SKU or Category in row:  {"sku":"A0A-15B1-A01-10","category":null} 
[2024-11-06 02:28:48] local.WARNING: Missing SKU or Category in row:  {"sku":"A0A-21A1-E09-09","category":null} 
[2024-11-06 02:28:49] local.WARNING: Product not found for SKU: 19838521  
[2024-11-06 02:28:49] local.WARNING: Product not found for SKU: 19474375  
[2024-11-06 02:28:49] local.WARNING: Product not found for SKU: 19474460  
[2024-11-06 02:28:49] local.WARNING: Product not found for SKU: 19838607  
[2024-11-06 02:28:49] local.WARNING: Product not found for SKU: 12641899  
[2024-11-06 02:28:49] local.WARNING: Product not found for SKU: 16113075  
[2024-11-06 02:28:49] local.WARNING: Product not found for SKU: 15748928  
[2024-11-06 02:28:49] local.WARNING: Product not found for SKU: 12310934  
[2024-11-06 02:28:55] local.WARNING: Missing SKU or Category in row:  {"sku":"2449-001-47","category":null} 
[2024-11-06 02:28:56] local.WARNING: Missing SKU or Category in row:  {"sku":"2449-001-44","category":null} 
[2024-11-06 02:28:56] local.WARNING: Missing SKU or Category in row:  {"sku":"2529-013-43","category":null} 
[2024-11-06 02:28:56] local.WARNING: Missing SKU or Category in row:  {"sku":"2448-001-46","category":null} 
[2024-11-06 02:28:56] local.WARNING: Missing SKU or Category in row:  {"sku":"2448-001-43","category":null} 
[2024-11-06 02:28:56] local.WARNING: Missing SKU or Category in row:  {"sku":"2449-001-45","category":null} 
[2024-11-06 02:28:56] local.WARNING: Missing SKU or Category in row:  {"sku":"2448-001-45","category":null} 
[2024-11-06 02:28:56] local.WARNING: Missing SKU or Category in row:  {"sku":"2449-001-41","category":null} 
[2024-11-06 02:28:56] local.WARNING: Missing SKU or Category in row:  {"sku":"2449-001-43","category":null} 
[2024-11-06 02:28:56] local.WARNING: Missing SKU or Category in row:  {"sku":"2448-001-47","category":null} 
[2024-11-06 02:28:56] local.WARNING: Missing SKU or Category in row:  {"sku":"2529-013-46","category":null} 
[2024-11-06 02:28:57] local.WARNING: Product not found for SKU: 19547539  
[2024-11-06 02:28:57] local.WARNING: Product not found for SKU: 19547537  
[2024-11-06 02:28:57] local.WARNING: Product not found for SKU: 19547535  
[2024-11-06 02:28:57] local.WARNING: Product not found for SKU: 19764127  
[2024-11-06 02:28:57] local.WARNING: Product not found for SKU: 19764125  
[2024-11-06 02:28:57] local.WARNING: Product not found for SKU: 19764129  
[2024-11-06 02:28:58] local.WARNING: Product not found for SKU: 11761601  
[2024-11-06 02:28:58] local.WARNING: Product not found for SKU: 11761609  
[2024-11-06 02:28:58] local.WARNING: Product not found for SKU: 11762030  
[2024-11-06 02:28:59] local.WARNING: Product not found for SKU: 11761573  
[2024-11-06 02:28:59] local.WARNING: Product not found for SKU: 11761966  
[2024-11-06 02:28:59] local.WARNING: Product not found for SKU: 11761969  
[2024-11-06 02:28:59] local.WARNING: Product not found for SKU: 11761974  
[2024-11-06 02:28:59] local.WARNING: Product not found for SKU: 11761946  
[2024-11-06 02:28:59] local.WARNING: Product not found for SKU: 11761915  
[2024-11-06 02:28:59] local.WARNING: Product not found for SKU: 11761965  
[2024-11-06 02:28:59] local.WARNING: Product not found for SKU: 11761967  
[2024-11-06 02:28:59] local.WARNING: Product not found for SKU: 11761939  
[2024-11-06 02:28:59] local.WARNING: Product not found for SKU: 11761938  
[2024-11-06 02:28:59] local.WARNING: Product not found for SKU: 11761600  
[2024-11-06 02:28:59] local.WARNING: Product not found for SKU: 11761574  
[2024-11-06 02:28:59] local.WARNING: Product not found for SKU: 11761550  
[2024-11-06 02:28:59] local.WARNING: Product not found for SKU: 11761607  
[2024-11-06 02:28:59] local.WARNING: Product not found for SKU: 11761604  
[2024-11-06 02:28:59] local.WARNING: Product not found for SKU: 11761665  
[2024-11-06 02:28:59] local.WARNING: Product not found for SKU: 11761581  
[2024-11-06 02:28:59] local.WARNING: Product not found for SKU: 11761972  
[2024-11-06 02:28:59] local.WARNING: Product not found for SKU: 11761602  
[2024-11-06 02:29:00] local.WARNING: Product not found for SKU: 12315675  
[2024-11-06 02:29:00] local.WARNING: Product not found for SKU: 11400713  
[2024-11-06 02:29:01] local.WARNING: Product not found for SKU: 19765224  
[2024-11-06 02:29:01] local.WARNING: Product not found for SKU: 12643546  
[2024-11-06 02:29:01] local.WARNING: Product not found for SKU: 12315923  
[2024-11-06 02:29:01] local.WARNING: Missing SKU or Category in row:  {"sku":"4167-0136","category":null} 
[2024-11-06 02:29:07] local.WARNING: Product not found for SKU: 12643301  
[2024-11-06 02:29:07] local.WARNING: Product not found for SKU: 12315678  
[2024-11-06 02:29:07] local.WARNING: Product not found for SKU: 12459584  
[2024-11-06 02:29:07] local.WARNING: Product not found for SKU: 12459219  
[2024-11-06 02:29:21] local.WARNING: Missing SKU or Category in row:  {"sku":"2757-0012","category":null} 
[2024-11-06 02:29:21] local.WARNING: Missing SKU or Category in row:  {"sku":"2757-0011","category":null} 
[2024-11-06 02:29:21] local.WARNING: Missing SKU or Category in row:  {"sku":"2751-4010","category":null} 
[2024-11-06 02:29:21] local.WARNING: Missing SKU or Category in row:  {"sku":"2757-0010","category":null} 
[2024-11-06 02:29:21] local.WARNING: Missing SKU or Category in row:  {"sku":"4170-1036","category":null} 
[2024-11-06 02:29:21] local.WARNING: Missing SKU or Category in row:  {"sku":"2757-0009","category":null} 
[2024-11-06 02:29:21] local.WARNING: Missing SKU or Category in row:  {"sku":"2755-0510","category":null} 
[2024-11-06 02:29:21] local.WARNING: Missing SKU or Category in row:  {"sku":"4170-1038","category":null} 
[2024-11-06 02:29:21] local.WARNING: Missing SKU or Category in row:  {"sku":"2755-0511","category":null} 
[2024-11-06 02:29:21] local.WARNING: Missing SKU or Category in row:  {"sku":"2760-0009","category":null} 
[2024-11-06 02:29:21] local.WARNING: Missing SKU or Category in row:  {"sku":"4171-9038","category":null} 
[2024-11-06 02:29:22] local.WARNING: Missing SKU or Category in row:  {"sku":"4171-9034","category":null} 
[2024-11-06 02:29:22] local.WARNING: Missing SKU or Category in row:  {"sku":"4270-4028","category":null} 
[2024-11-06 02:29:22] local.WARNING: Missing SKU or Category in row:  {"sku":"4171-5036","category":null} 
[2024-11-06 02:29:23] local.WARNING: Missing SKU or Category in row:  {"sku":"A09-21B1-E06-10","category":null} 
[2024-11-06 02:29:23] local.WARNING: Missing SKU or Category in row:  {"sku":"A09-24B1-A01-40","category":null} 
[2024-11-06 02:29:23] local.WARNING: Missing SKU or Category in row:  {"sku":"A09-21A1-A01-07","category":null} 
[2024-11-06 02:29:23] local.WARNING: Missing SKU or Category in row:  {"sku":"A09-21B1-E02-07","category":null} 
[2024-11-06 02:29:23] local.WARNING: Missing SKU or Category in row:  {"sku":"A09-21A1-C02-07","category":null} 
[2024-11-06 02:29:23] local.WARNING: Missing SKU or Category in row:  {"sku":"A09-12C2-B01-08","category":null} 
[2024-11-06 02:29:23] local.WARNING: Missing SKU or Category in row:  {"sku":"A09-21A1-A01-09","category":null} 
[2024-11-06 02:29:23] local.WARNING: Missing SKU or Category in row:  {"sku":"A09-12B2-C03-10","category":null} 
[2024-11-06 02:29:24] local.WARNING: Missing SKU or Category in row:  {"sku":"A09-21B1-B02-07","category":null} 
[2024-11-06 02:29:24] local.WARNING: Missing SKU or Category in row:  {"sku":"A09-11C2-B01-32","category":null} 
[2024-11-06 02:29:24] local.WARNING: Missing SKU or Category in row:  {"sku":"A09-12C2-B02-08","category":null} 
[2024-11-06 02:29:24] local.WARNING: Missing SKU or Category in row:  {"sku":"A09-21A1-C04-07","category":null} 
[2024-11-06 02:29:24] local.WARNING: Missing SKU or Category in row:  {"sku":"A09-11B3-D02-34","category":null} 
[2024-11-06 02:29:24] local.WARNING: Missing SKU or Category in row:  {"sku":"A09-21B1-E02-08","category":null} 
[2024-11-06 02:29:24] local.WARNING: Missing SKU or Category in row:  {"sku":"A09-21B1-E06-08","category":null} 
[2024-11-06 02:29:24] local.WARNING: Missing SKU or Category in row:  {"sku":"A09-21B1-E06-07","category":null} 
[2024-11-06 02:29:24] local.WARNING: Missing SKU or Category in row:  {"sku":"A09-21B1-B02-10","category":null} 
[2024-11-06 02:29:24] local.WARNING: Missing SKU or Category in row:  {"sku":"A09-11A1-A02-30","category":null} 
[2024-11-06 02:29:24] local.WARNING: Missing SKU or Category in row:  {"sku":"A09-21A1-B01-07","category":null} 
[2024-11-06 02:29:25] local.WARNING: Missing SKU or Category in row:  {"sku":"A09-21A1-A01-08","category":null} 
[2024-11-06 02:29:25] local.WARNING: Missing SKU or Category in row:  {"sku":"A09-11B3-D02-30","category":null} 
[2024-11-06 02:29:25] local.WARNING: Missing SKU or Category in row:  {"sku":"A09-11D1-A01-34","category":null} 
[2024-11-06 02:29:25] local.WARNING: Missing SKU or Category in row:  {"sku":"A09-11C4-BK1-05","category":null} 
[2024-11-06 02:29:26] local.WARNING: Missing SKU or Category in row:  {"sku":"A09-21B1-B02-11","category":null} 
[2024-11-06 02:29:26] local.WARNING: Missing SKU or Category in row:  {"sku":"A09-11B2-C03-32","category":null} 
[2024-11-06 02:29:26] local.WARNING: Missing SKU or Category in row:  {"sku":"A09-12A3-C03-10","category":null} 
[2024-11-06 02:29:26] local.WARNING: Missing SKU or Category in row:  {"sku":"A09-11D1-A01-38","category":null} 
[2024-11-06 02:29:26] local.WARNING: Missing SKU or Category in row:  {"sku":"A09-12C2-B01-09","category":null} 
[2024-11-06 02:29:27] local.WARNING: Missing SKU or Category in row:  {"sku":"A09-11C4-BK1-03","category":null} 
[2024-11-06 02:29:27] local.WARNING: Missing SKU or Category in row:  {"sku":"A09-21B1-E06-09","category":null} 
[2024-11-06 02:29:27] local.WARNING: Missing SKU or Category in row:  {"sku":"A09-11B2-C03-30","category":null} 
[2024-11-06 02:29:28] local.WARNING: Missing SKU or Category in row:  {"sku":"A09-24B1-A01-45","category":null} 
[2024-11-06 02:29:28] local.WARNING: Missing SKU or Category in row:  {"sku":"A09-12B2-C03-08","category":null} 
[2024-11-06 02:29:28] local.WARNING: Missing SKU or Category in row:  {"sku":"A09-21A1-A02-08","category":null} 
[2024-11-06 02:29:28] local.WARNING: Missing SKU or Category in row:  {"sku":"A09-21B1-E02-11","category":null} 
[2024-11-06 02:29:28] local.WARNING: Missing SKU or Category in row:  {"sku":"A09-21B1-E06-11","category":null} 
[2024-11-06 02:29:28] local.WARNING: Missing SKU or Category in row:  {"sku":"A09-21B1-F01-07","category":null} 
[2024-11-06 02:29:29] local.WARNING: Missing SKU or Category in row:  {"sku":"2751-0212","category":null} 
[2024-11-06 02:29:35] local.WARNING: Product not found for SKU: 5301929  
[2024-11-06 02:29:35] local.WARNING: Product not found for SKU: 4791684  
[2024-11-06 02:29:35] local.WARNING: Product not found for SKU: 7711733  
[2024-11-06 02:29:35] local.WARNING: Product not found for SKU: 12315623  
[2024-11-06 02:29:35] local.WARNING: Product not found for SKU: 19838638  
[2024-11-06 02:29:35] local.WARNING: Product not found for SKU: 19474491  
[2024-11-06 02:29:35] local.WARNING: Product not found for SKU: 16112708  
[2024-11-06 02:29:35] local.WARNING: Product not found for SKU: 12643304  
[2024-11-06 02:29:35] local.WARNING: Product not found for SKU: 12315681  
[2024-11-06 02:29:35] local.WARNING: Product not found for SKU: 11762031  
[2024-11-06 02:29:35] local.WARNING: Product not found for SKU: 11400806  
[2024-11-06 02:29:54] local.WARNING: Missing SKU or Category in row:  {"sku":"2764-0309","category":null} 
[2024-11-06 02:29:55] local.WARNING: Missing SKU or Category in row:  {"sku":"4176-0026","category":null} 
[2024-11-06 02:29:55] local.WARNING: Missing SKU or Category in row:  {"sku":"2764-0310","category":null} 
[2024-11-06 02:29:55] local.WARNING: Missing SKU or Category in row:  {"sku":"2764-0308","category":null} 
[2024-11-06 02:30:03] local.WARNING: Missing SKU or Category in row:  {"sku":"2193-015-45","category":null} 
[2024-11-06 02:30:03] local.WARNING: Missing SKU or Category in row:  {"sku":"2193-015-43","category":null} 
[2024-11-06 02:30:04] local.WARNING: Product not found for SKU: 11400805  
[2024-11-06 02:30:04] local.WARNING: Product not found for SKU: 12459216  
